[www.wimcycle.com/index.html]
[backblue.gif]
[fade.gif]
[index.html]
[www.wimcycle.com/wp-content/plugins/contact-form-7/includes/css/stylesde66.css]
[www.wimcycle.com/wp-content/themes/wimcycle/stylefab2.css]
[www.wimcycle.com/feed/index.html]
[www.wimcycle.com/wp-content/themes/wimcycle/assets/js/jquery-3.4.0.min3301.js]
[www.wimcycle.com/comments/feed/index.html]
[www.wimcycle.com/wp-json/wp/v2/pages/20.json]
[www.wimcycle.com/wp-json/index.html]
[www.wimcycle.com/xmlrpc0db0.php]
[www.wimcycle.com/wp-json/oembed/1.0/embede580.json]
[www.wimcycle.com/wp-json/oembed/1.0/embed75a4]
[www.wimcycle.com/wp-content/themes/wimcycle/assets/images/ajax-loader.gif]
[www.wimcycle.com/wp-content/themes/wimcycle/assets/fonts/slick.eot]
[www.wimcycle.com/wp-content/themes/wimcycle/assets/fonts/slickd41d.eot]
[www.wimcycle.com/wp-content/themes/wimcycle/assets/fonts/slick.woff]
[www.wimcycle.com/wp-content/themes/wimcycle/assets/fonts/slick.ttf]
[www.wimcycle.com/wp-content/themes/wimcycle/assets/fonts/slick.svg]
[www.wimcycle.com/wp-content/themes/wimcycle/assets/fonts/Montserrat/Montserrat-Bold.eot]
[www.wimcycle.com/wp-content/themes/wimcycle/assets/fonts/Montserrat/Montserrat-Boldd41d.eot]
[www.wimcycle.com/wp-content/themes/wimcycle/assets/fonts/Montserrat/Montserrat-Bold.woff]
[www.wimcycle.com/wp-content/themes/wimcycle/assets/fonts/Montserrat/Montserrat-Bold.woff2]
[www.wimcycle.com/wp-content/themes/wimcycle/assets/images/slider-var.svg]
[www.wimcycle.com/wp-content/uploads/2020/06/favicon-wimcycle7ac3.png]
[www.wimcycle.com/wp-content/uploads/2020/06/LOGO-WIMCYCLE-e16703873428897ac3.png]
[www.wimcycle.com/produk/index.html]
[www.wimcycle.com/produk/sepeda-bmx]
[www.wimcycle.com/produk/sepeda-bmx/index.html]
[www.wimcycle.com/produk/sepeda-anak]
[www.wimcycle.com/produk/sepeda-anak/index.html]
[www.wimcycle.com/produk/sepeda-mtb]
[www.wimcycle.com/produk/sepeda-mtb/index.html]
[www.wimcycle.com/produk/sepeda-lipat]
[www.wimcycle.com/wp-content/uploads/2025/02/dekstop-web7ac3.jpg]
[www.wimcycle.com/produk/sepeda-lipat/index.html]
[www.wimcycle.com/wp-content/uploads/2024/10/MicrosoftTeams-image-1747ac3.jpg]
[www.wimcycle.com/wp-content/uploads/2023/10/web-banner-bmx-bigfoot-roaddekstop-slide7ac3.jpg]
[www.wimcycle.com/kontak-kami/index.html]
[www.wimcycle.com/garansi/index.html]
[www.wimcycle.com/panduan-ukuran-sepeda/index.html]
[www.wimcycle.com/event.20.delayed]
[www.wimcycle.com/registrasi-sepeda/index.html]
[www.wimcycle.com/produk/sepeda-anak/bmx-dragster-oki-nirmala-18/index.html]
[www.wimcycle.com/blog/index.html]
[www.wimcycle.com/wimmers-fun-day/index.html]
[www.wimcycle.com/wp-content/plugins/page-view-counter/wordpress-pageview-counter/pv-counter.html]
[www.wimcycle.com/perlengkapan-yang-perlu-di-persiapkan-sebelum-bersepeda/index.html]
[www.wimcycle.com/produk/sepeda-bmx/bmx-firebird-18/index.html]
[www.wimcycle.com/produk/sepeda-bmx/bmx-big-foot-road-20/index.html]
[www.wimcycle.com/POST]
[www.wimcycle.com/wp-content/plugins/contact-form-7/includes/js/indexde66.js]
[www.wimcycle.com/wp-content/themes/wimcycle/assets/js/slick.min3301.js]
[www.wimcycle.com/sepeda/index.html]
[www.wimcycle.com/wp-content/themes/wimcycle/assets/js/img-observer.min3301.js]
[www.wimcycle.com/wp-content/themes/wimcycle/assets/js/main.min3301.js]
[www.wimcycle.com/wp-content/themes/wimcycle/assets/css/main.min7ac3.css]
[www.wimcycle.com/index.html]
[www.wimcycle.com/wp-content/plugins/contact-form-7/includes/css/stylesde66.css]
[www.wimcycle.com/wp-content/themes/wimcycle/stylefab2.css]
[www.wimcycle.com/wp-content/themes/wimcycle/assets/fonts/slick.svg]
[www.wimcycle.com/wp-content/themes/wimcycle/assets/images/slider-var.svg]
[www.wimcycle.com/wp-content/themes/wimcycle/assets/css/fonts.min7ac3.css]
[www.wimcycle.com/wp-content/uploads/2025/03/MY25-FIXIE-MUSE-20-WHITE-P-467x3507ac3.jpg]
[www.wimcycle.com/produk/feed/index.html]
[www.wimcycle.com/wp-content/uploads/2025/03/MY25-WIMCYCLE-BMX-NEO-TATA-12x7.5-YELLOW-P-467x3507ac3.jpg]
[www.wimcycle.com/produk/sepeda-anak/fixie-muse-20/index.html]
[www.wimcycle.com/produk/sepeda-anak/bronco-burn-18/index.html]
[www.wimcycle.com/produk/sepeda-anak/neo-balita-12/index.html]
[www.wimcycle.com/wp-content/uploads/2025/03/MY25-WIMCYLE-ELENA-BEAR-PINK-18-P-467x3507ac3.jpg]
[www.wimcycle.com/wp-content/uploads/2025/02/MY25-ELENA-LOVE-LIGHT-GREY-P-467x3507ac3.jpg]
[www.wimcycle.com/produk/ctb/elena-bear-16/index.html]
[www.wimcycle.com/produk/ctb/elena-love-20/index.html]
[www.wimcycle.com/wp-content/uploads/2024/12/MY25-WIMCYCLE-ELENA20-STRAWBERRY-CREAM-P-467x3507ac3.jpg]
[www.wimcycle.com/produk/sepeda-anak/elena-strawberry-20/index.html]
[www.wimcycle.com/wp-content/uploads/2024/12/MY25-WIMCYCLE-COBALT16-SUPERMOTO-BLUE-P-467x3507ac3.jpg]
[www.wimcycle.com/produk/sepeda-anak/bmx-cobalt-super-moto-16/index.html]
[www.wimcycle.com/wp-content/uploads/2024/12/MY23-ELENA-STRAWBERRY-WHITE-P-467x3507ac3.jpg]
[www.wimcycle.com/produk/sepeda-anak/elena-strawberry-16/index.html]
[www.wimcycle.com/wp-content/uploads/2024/12/MY25-BECKMAN-AIR-FORCE-BLUE-P-467x3507ac3.jpg]
[www.wimcycle.com/produk/sepeda-bmx/beckman-airforce-16/index.html]
[www.wimcycle.com/produk.34.delayed]
[www.wimcycle.com/wp-content/themes/wimcycle/assets/js/nouislider.min3301.js]
[www.wimcycle.com/produk/index.html]
[www.wimcycle.com/wp-content/themes/wimcycle/assets/js/accounting.min3301.js]
[www.wimcycle.com/produk/index6146.html]
[www.wimcycle.com/produk/index880d.html]
[www.wimcycle.com/produk/index8a68.html]
[www.wimcycle.com/produk/indexe377.html]
[www.wimcycle.com/wp-content/uploads/2024/12/MY25-BECKMAN-MONSTER-GREY-P-467x3507ac3.jpg]
[www.wimcycle.com/produk/index034a.html]
[www.wimcycle.com/wp-content/uploads/2024/12/MY25-Wimcycle-Clara-Edisi-Oki-Nirmala-Bobo-P-467x3507ac3.jpg]
[www.wimcycle.com/product-category/sepeda-bmx/page/2/index.html]
[www.wimcycle.com/product-category/sepeda-bmx/index.html]
[www.wimcycle.com/product-category/sepeda-bmx/feed/index.html]
[www.wimcycle.com/wp-content/uploads/2024/12/Untitled-design-6-375x3507ac3.jpg]
[www.wimcycle.com/wp-content/uploads/2024/12/MY25-WIMCYCLE-COBALT16-BLUE-P-467x3507ac3.jpg]
[www.wimcycle.com/produk/sepeda-anak/beckman-monster-16/index.html]
[www.wimcycle.com/produk/sepeda-anak/bmx-cobalt-generation-20/index.html]
[www.wimcycle.com/wp-content/uploads/2024/12/6-1-622x3507ac3.jpg]
[www.wimcycle.com/produk/sepeda-anak/bmx-cobalt-speedtail-16/index.html]
[www.wimcycle.com/produk/sepeda-anak/beckman-apache-20/index.html]
[www.wimcycle.com/wp-content/uploads/2024/12/MY25-Wimcycle-Bugsy-AQA-Green-P-467x3507ac3.jpg]
[www.wimcycle.com/produk/sepeda-anak/bugsy-aqa-12/index.html]
[www.wimcycle.com/wp-content/uploads/2024/12/MY25-WIMCYLE-LABRADOR-BLUE-P-467x3507ac3.jpg]
[www.wimcycle.com/produk/sepeda-anak/bmx-labrador-arrow-20/index.html]
[www.wimcycle.com/produk/sepeda-bmx.3f.delayed]
[www.wimcycle.com/produk/sepeda-bmx/index.html]
[www.wimcycle.com/produk/sepeda-bmx/index6146.html]
[www.wimcycle.com/produk/sepeda-bmx/indexe377.html]
[www.wimcycle.com/produk/sepeda-bmx/index8a68.html]
[www.wimcycle.com/product-category/sepeda-anak/index.html]
[www.wimcycle.com/product-category/sepeda-anak/page/2/index.html]
[www.wimcycle.com/produk/sepeda-anak]
[www.wimcycle.com/produk/sepeda-anak/index.html]
[www.wimcycle.com/produk/sepeda-anak/index8a68.html]
[www.wimcycle.com/produk/sepeda-anak/index6146.html]
[www.wimcycle.com/produk/sepeda-anak/indexe377.html]
[www.wimcycle.com/produk/sepeda-anak/index880d.html]
[www.wimcycle.com/wp-content/uploads/2024/02/MY24-VULCAN-BLUE-P-467x3507ac3.jpg]
[www.wimcycle.com/product-category/sepeda-anak/feed/index.html]
[www.wimcycle.com/product-category/sepeda-mtb/index.html]
[www.wimcycle.com/product-category/sepeda-mtb/feed/index.html]
[www.wimcycle.com/wp-content/uploads/2023/06/MY23-TRAIL-BRAZER-1-P-467x3507ac3.jpg]
[www.wimcycle.com/wp-content/uploads/2023/06/MY23-TRAIL-BRAZER-2-P-467x3507ac3.jpg]
[www.wimcycle.com/wp-content/uploads/2022/10/MY23-STROM-AGYO-BLUE-P-467x3507ac3.jpg]
[www.wimcycle.com/wp-content/uploads/2020/11/MY22-WIMCYCLE-FALCON-GREEN-P_web-622x3507ac3.jpg]
[www.wimcycle.com/wp-content/uploads/2020/11/MY22-STROM-RED-P_web-622x3507ac3.jpg]
[www.wimcycle.com/produk/sepeda-mtb/index.html]
[www.wimcycle.com/produk/sepeda-lipat/index.html]
[www.wimcycle.com/produk/sepeda-anak/20-mtb-trail-blazer/index.html]
[www.wimcycle.com/produk/sepeda-anak/mtb-trail-blazer-24/index.html]
[www.wimcycle.com/produk/sepeda-anak/mtb-vulcan-20/index.html]
[www.wimcycle.com/produk/aegyo-series/mtb-storm-aegyo/index.html]
[www.wimcycle.com/produk/sepeda-mtb/275-mtb-falcon/index.html]
[www.wimcycle.com/product-category/sepeda-lipat/index.html]
[www.wimcycle.com/produk/sepeda-mtb/275-mtb-storm/index.html]
[www.wimcycle.com/wp-json/wp/v2/pages/40.json]
[www.wimcycle.com/wp-json/oembed/1.0/embedded1.json]
[www.wimcycle.com/product-category/sepeda-lipat/feed/index.html]
[www.wimcycle.com/wp-json/oembed/1.0/embed6600]
[www.wimcycle.com/kontak-kami/POST]
[www.wimcycle.com/kontak-kami/index.html]
[www.wimcycle.com/garansi/index.html]
[www.wimcycle.com/wp-content/themes/wimcycle/assets/css/bootstrap-datepicker.standalone.minfab2.css]
[www.wimcycle.com/wp-json/wp/v2/pages/42.json]
[www.wimcycle.com/wp-json/oembed/1.0/embed4ff5.json]
[www.wimcycle.com/wp-json/oembed/1.0/embeda7f3]
[www.wimcycle.com/registrasi-sepeda/POST]
[www.wimcycle.com/wp-content/themes/wimcycle/assets/js/bootstrap-datepicker.min3301.js]
[www.wimcycle.com/wp-content/themes/wimcycle/assets/js/jquery.validate.min3301.js]
[www.wimcycle.com/registrasi-sepeda/index.html]
[www.wimcycle.com/wp-content/themes/wimcycle/assets/js/messages_id3301.js]
[www.wimcycle.com/wp-content/uploads/2020/05/BIKE-SIZING-800x4077ac3.jpg]
[www.wimcycle.com/panduan-ukuran-sepeda/POST.5d.delayed]
[www.wimcycle.com/panduan-ukuran-sepeda/index.html]
[www.wimcycle.com/wp-content/uploads/2023/12/web-banner-bundling-helmdekstop-artikel-200x2007ac3.jpg]
[www.wimcycle.com/wp-content/uploads/2023/11/web-banner-lucky2windekstop-artikel-200x2007ac3.jpg]
[www.wimcycle.com/wp-content/uploads/2023/03/06_Perlengkapan_Wajib_BersepedaCOVER-200x2007ac3.jpg]
[www.wimcycle.com/wp-content/uploads/2023/12/web-banner-prestawimdekstop-artikel-666x3507ac3.jpg]
[www.wimcycle.com/wp-content/uploads/2023/12/web-banner-bundling-helmdekstop-artikel-666x3507ac3.jpg]
[www.wimcycle.com/wp-content/uploads/2023/11/web-banner-lucky2windekstop-artikel-666x3507ac3.jpg]
[www.wimcycle.com/promo/lucky2wim-banyak-hadiah-di-akhir-tahun-2023/index.html]
[www.wimcycle.com/promo/promo-sepeda-lipat-wimcycle-des2023/index.html]
[www.wimcycle.com/promo/prestawim-ganjil-2023/index.html]
[www.wimcycle.com/wp-content/uploads/2023/03/06_Perlengkapan_Wajib_BersepedaCOVER-622x3507ac3.jpg]
[www.wimcycle.com/blog/perlengkapan-wajib-yang-harus-digunakan-saat-anak-bersepeda/index.html]
[www.wimcycle.com/blog/manfaat-bermain-sepeda-pada-anak/index.html]
[www.wimcycle.com/wp-content/uploads/2023/01/01_Blog_Cara_Merawat_Sepeda_Anak_Agar_Tahan_LamaCOVER-622x3507ac3.jpg]
[www.wimcycle.com/blog/cara-merawat-sepeda-anak-agar-tahan-lama/index.html]
[www.wimcycle.com/blog.68.delayed]
[www.wimcycle.com/blog/index.html]
[www.wimcycle.com/blog/index6146.html]
[www.wimcycle.com/wp-json/wp/v2/pages/8196.json]
[www.wimcycle.com/blog/index8a68.html]
[www.wimcycle.com/blog/indexe377.html]
[www.wimcycle.com/blog/index880d.html]
[www.wimcycle.com/blog/index034a.html]
[www.wimcycle.com/wp-json/oembed/1.0/embed1c03.json]
[www.wimcycle.com/promo/index.html]
[www.wimcycle.com/tips/index.html]
[www.wimcycle.com/uncategorized/index.html]
[www.wimcycle.com/wp-json/oembed/1.0/embed286c]
[www.wimcycle.com/wimmers-fun-day/POST]
[www.wimcycle.com/wimmers-fun-day/index.html]
[www.wimcycle.com/wp-content/themes/wimcycle/assets/images/icon-fb7ac3.png]
[www.wimcycle.com/wp-content/themes/wimcycle/assets/images/icon-wa7ac3.png]
[www.wimcycle.com/wp-content/themes/wimcycle/assets/images/icon-twitter7ac3.png]
[www.wimcycle.com/wp-content/themes/wimcycle/assets/images/icon-mail7ac3.png]
[www.wimcycle.com/wp-content/uploads/2020/07/MY22-THRASHER-BLACK-ORANGE-P-525x3507ac3.png]
[www.wimcycle.com/wp-content/uploads/2020/12/KIDS_20_BIGFOOT_GREY-540x3507ac3.jpg]
[www.wimcycle.com/produk/sepeda-anak/bmx-dragster-oki-nirmala-18/POST]
[www.wimcycle.com/produk/sepeda-anak/20-bmx-thrasher/index.html]
[www.wimcycle.com/produk/sepeda-anak/bmx-dragster-oki-nirmala-18/index.html]
[www.wimcycle.com/wp-content/themes/wimcycle/assets/js/jquery.zoom.min3301.js]
[www.wimcycle.com/produk/sepeda-anak/20-bmx-bigfoot/index.html]
[www.wimcycle.com/wp-json/oembed/1.0/embed491f.json]
[www.wimcycle.com/wp-json/oembed/1.0/embedb62e]
[www.wimcycle.com/wp-content/uploads/2024/10/MY25-FIREBIRD-RED-P-200x2007ac3.jpg]
[www.wimcycle.com/wp-content/uploads/2024/10/MY25-FIREBIRD-GREEN-P-200x2007ac3.jpg]
[www.wimcycle.com/wp-content/uploads/2023/05/MY23-DRAGSTER22-GOAL-P1-467x3507ac3.jpg]
[www.wimcycle.com/wp-content/uploads/2023/08/MY23-FIREBIRD-2.0-OCEAN-BLUE-467x3507ac3.jpg]
[www.wimcycle.com/wp-content/uploads/2024/08/MY25-SHOTGUN-DOOM-LIGHT-GREEN-P-467x3507ac3.jpg]
[www.wimcycle.com/produk/sepeda-anak/20-bmx-dragster-goal/index.html]
[www.wimcycle.com/produk/sepeda-bmx/bmx-firebird-18/POST.82.delayed]
[www.wimcycle.com/produk/sepeda-bmx/bmx-firebird-18/index.html]
[www.wimcycle.com/produk/sepeda-bmx/bmx-firebird-20-2125/index.html]
[www.wimcycle.com/produk/sepeda-anak/shotgun-doom-20/index.html]
[www.wimcycle.com/wp-json/oembed/1.0/embed081e.json]
[www.wimcycle.com/produk/sepeda-anak/bmx-big-foot-road-20/index.html]
[www.wimcycle.com/wp-json/oembed/1.0/embeda2a1]
[www.wimcycle.com/wp-content/uploads/2023/10/MY23-BIGFOOT22-TRUCK-P2-1-200x2007ac3.jpg]
[www.wimcycle.com/wp-content/uploads/2023/10/MY23-BIGFOOT22-TRUCK-P1-1-200x2007ac3.jpg]
[www.wimcycle.com/wp-content/uploads/2023/02/tokopedia-icon-removebg-preview-200x200.png7ac3.webp]
[www.wimcycle.com/wp-content/uploads/2023/02/shopee-icon-200x200.png7ac3.webp]
[www.wimcycle.com/wp-content/uploads/2024/06/MY25-BUGSY-BATITA-BLUE-P-467x3507ac3.jpg]
[www.wimcycle.com/produk/sepeda-bmx/bmx-big-foot-road-20/POST]
[www.wimcycle.com/produk/sepeda-bmx/bmx-big-foot-road-20/index.html]
[www.wimcycle.com/perlengkapan-yang-perlu-di-persiapkan-sebelum-bersepeda/index.html]
[www.wimcycle.com/product/indexd9e5.html]
[www.wimcycle.com/product/indexd642.html]
[www.wimcycle.com/produk/sepeda-anak/wimcycle-bugsy-balita/index.html]
[www.wimcycle.com/wp-content/uploads/2020/07/BUKU-MANUAL-WIMCYCLE7ac3.pdf]
[www.wimcycle.com/produk/ctb.8e.delayed]
[www.wimcycle.com/product/indexd8ec.html]
[www.wimcycle.com/produk/ctb/index.html]
[www.wimcycle.com/produk/sepeda-mtb.8f.delayed]
[www.wimcycle.com/product/index0f3d.html]
[www.wimcycle.com/produk/sepeda-lipat]
[www.wimcycle.com/product/index597f.html]
[www.wimcycle.com/sepeda/index.html]
[www.wimcycle.com/wp-content/plugins/page-view-counter/wordpress-pageview-counter/pv-counter.html]
[www.wimcycle.com/POST.html]
[www.wimcycle.com/wp-content/plugins/contact-form-7/includes/swv/js/indexde66.js]
[www.wimcycle.com/event/index.html]
[www.wimcycle.com/history/index.html]
[www.wimcycle.com/karir/index.html]
[www.wimcycle.com/wp-content/themes/wimcycle/assets/fonts/ionicons.eot]
[www.wimcycle.com/wp-content/themes/wimcycle/assets/fonts/ioniconsd41d.eot]
[www.wimcycle.com/wp-content/themes/wimcycle/assets/fonts/ionicons.ttf]
[www.wimcycle.com/wp-content/themes/wimcycle/assets/fonts/ionicons.woff]
[www.wimcycle.com/wp-content/themes/wimcycle/assets/images/bg-quote.svg]
[www.wimcycle.com/wp-content/themes/wimcycle/assets/images/contact-bg.jpg]
[www.wimcycle.com/wp-content/themes/wimcycle/assets/css/main.min7ac3.css]
[www.wimcycle.com/wp-content/themes/wimcycle/assets/fonts/Montserrat/Montserrat-SemiBold.eot]
[www.wimcycle.com/wp-content/themes/wimcycle/assets/fonts/Montserrat/Montserrat-SemiBoldd41d.eot]
[www.wimcycle.com/wp-content/themes/wimcycle/assets/fonts/Montserrat/Montserrat-SemiBold.woff]
[www.wimcycle.com/wp-content/themes/wimcycle/assets/fonts/Montserrat/Montserrat-SemiBold.woff2]
[www.wimcycle.com/wp-content/themes/wimcycle/assets/fonts/Montserrat/Montserrat-ExtraBold.eot]
[www.wimcycle.com/wp-content/themes/wimcycle/assets/fonts/Montserrat/Montserrat-ExtraBoldd41d.eot]
[www.wimcycle.com/wp-content/themes/wimcycle/assets/fonts/Montserrat/Montserrat-ExtraBold.woff]
[www.wimcycle.com/wp-content/themes/wimcycle/assets/fonts/Montserrat/Montserrat-ExtraBold.woff2]
[www.wimcycle.com/wp-content/themes/wimcycle/assets/fonts/Titillium/TitilliumWeb-Regular.eot]
[www.wimcycle.com/wp-content/themes/wimcycle/assets/fonts/Titillium/TitilliumWeb-Bold.woff2]
[www.wimcycle.com/wp-content/themes/wimcycle/assets/fonts/Titillium/TitilliumWeb-Bold.woff]
[www.wimcycle.com/wp-content/themes/wimcycle/assets/fonts/Titillium/TitilliumWeb-SemiBold.eot]
[www.wimcycle.com/wp-content/themes/wimcycle/assets/fonts/Titillium/TitilliumWeb-SemiBoldd41d.eot]
[www.wimcycle.com/wp-content/themes/wimcycle/assets/fonts/Titillium/TitilliumWeb-SemiBold.woff2]
[www.wimcycle.com/wp-content/themes/wimcycle/assets/fonts/Titillium/TitilliumWeb-SemiBold.woff]
[www.wimcycle.com/wp-content/themes/wimcycle/assets/fonts/Titillium/TitilliumWeb-Regulard41d.eot]
[www.wimcycle.com/wp-content/themes/wimcycle/assets/fonts/Titillium/TitilliumWeb-Regular.woff2]
[www.wimcycle.com/wp-content/themes/wimcycle/assets/fonts/Titillium/TitilliumWeb-Regular.woff]
[www.wimcycle.com/wp-content/themes/wimcycle/assets/css/fonts.min7ac3.css]
[www.wimcycle.com/wp-content/themes/wimcycle/assets/css/nouisliderfab2.css]
[www.wimcycle.com/produk/page/2/index.html]
[www.wimcycle.com/wp-json/oembed/1.0/embede41c.json]
[www.wimcycle.com/wp-json/oembed/1.0/embedc7a0]
[www.wimcycle.com/wp-content/uploads/2025/03/MY25-BRONCO18-GREEN-P-200x2007ac3.jpg]
[www.wimcycle.com/wp-content/uploads/2025/03/MY25-MY25-BRONCO18-RED-P-200x2007ac3.jpg]
[www.wimcycle.com/wp-content/uploads/2023/11/Push-Bike-Wimcycle-Gomy-White-467x3507ac3.jpg]
[www.wimcycle.com/produk/sepeda-anak/bronco-burn-18/POST]
[www.wimcycle.com/produk/sepeda-anak/push-bike-gomy/index.html]
[www.wimcycle.com/produk/sepeda-anak/bronco-burn-18/index.html]
[www.wimcycle.com/wp-content/uploads/2025/03/MY25-BRONCO18-GREEN-P-467x3507ac3.jpg]
[www.wimcycle.com/wp-json/oembed/1.0/embed4219.json]
[www.wimcycle.com/wp-json/oembed/1.0/embed0761]
[www.wimcycle.com/wp-content/uploads/2025/03/MY25-FIXIE-MUSE-20-BLUE-P-200x2007ac3.jpg]
[www.wimcycle.com/wp-content/uploads/2025/03/MY25-FIXIE-MUSE-20-WHITE-P-200x2007ac3.jpg]
[www.wimcycle.com/wp-content/uploads/2023/05/MY23-DRAGSTER16-GOAL-P2-467x3507ac3.jpg]
[www.wimcycle.com/wp-content/uploads/2023/03/MicrosoftTeams-image-60-467x3507ac3.jpg]
[www.wimcycle.com/produk/sepeda-anak/fixie-muse-20/POST]
[www.wimcycle.com/produk/sepeda-anak/fixie-muse-20/index.html]
[www.wimcycle.com/produk/sepeda-anak/beckman-elco-20/index.html]
[www.wimcycle.com/produk/sepeda-anak/16-bmx-dragster-goal/index.html]
[www.wimcycle.com/wp-json/oembed/1.0/embeda31c.json]
[www.wimcycle.com/wp-json/oembed/1.0/embed37c6]
[www.wimcycle.com/wp-content/uploads/2025/03/MY25-WIMCYCLE-BMX-NEO-BABA-12x7.5-BLUE-P-200x2007ac3.jpg]
[www.wimcycle.com/wp-content/uploads/2025/03/MY25-WIMCYCLE-BMX-NEO-LILI-12x7.5-PINK-P-200x2007ac3.jpg]
[www.wimcycle.com/wp-content/uploads/2025/03/MY25-WIMCYCLE-BMX-NEO-TATA-12x7.5-YELLOW-P-200x2007ac3.jpg]
[www.wimcycle.com/produk/sepeda-anak/neo-balita-12/POST]
[www.wimcycle.com/produk/sepeda-anak/neo-balita-12/index.html]
[www.wimcycle.com/wp-json/oembed/1.0/embed1c19.json]
[www.wimcycle.com/wp-json/oembed/1.0/embed4cf5]
[www.wimcycle.com/wp-content/uploads/2025/03/MY25-WIMCYLE-ELENA-BEAR-PINK-18-P-200x2007ac3.jpg]
[www.wimcycle.com/wp-content/uploads/2025/03/MY25-WIMCYLE-ELENA-BEAR-PURPLE-18-200x2007ac3.jpg]
[www.wimcycle.com/wp-content/uploads/2024/01/MY24-CANARY-CREAM-P-467x3507ac3.jpg]
[www.wimcycle.com/wp-content/uploads/2023/10/MY23-BIGFOOT22-TRUCK-P1-1-467x3507ac3.jpg]
[www.wimcycle.com/wp-content/uploads/2021/02/MY21-WIMCYCLE_YUNA_18_PINK_P-540x3507ac3.jpg]
[www.wimcycle.com/produk/ctb/elena-bear-16/POST]
[www.wimcycle.com/produk/ctb/elena-bear-16/index.html]
[www.wimcycle.com/produk/ctb/elena-love-20/index.html]
[www.wimcycle.com/produk/sepeda-anak/elena-strawberry-20/index.html]
[www.wimcycle.com/produk/sepeda-anak/bmx-cobalt-super-moto-16/index.html]
[www.wimcycle.com/produk/sepeda-anak/18-kids-yuna/index.html]
[www.wimcycle.com/produk/ctb/canary-16/index.html]
[www.wimcycle.com/wp-json/oembed/1.0/embed9be8.json]
[www.wimcycle.com/wp-json/oembed/1.0/embed5c75]
[www.wimcycle.com/wp-content/uploads/2024/12/MY23-ELENA-STRAWBERRY-PINK-P-200x2007ac3.jpg]
[www.wimcycle.com/wp-content/uploads/2024/12/MY23-ELENA-STRAWBERRY-WHITE-P-200x2007ac3.jpg]
[www.wimcycle.com/wp-content/uploads/2023/11/MY23-DRAGSTER-GOAL18-BATCH-3-ORANGE-P-467x3507ac3.jpg]
[www.wimcycle.com/produk/sepeda-anak/18-bmx-dragster-goal/index.html]
[www.wimcycle.com/produk/sepeda-anak/elena-strawberry-16/POST]
[www.wimcycle.com/produk/sepeda-anak/elena-strawberry-16/index.html]
[www.wimcycle.com/produk/sepeda-bmx/beckman-airforce-16/index.html]
[www.wimcycle.com/wp-content/uploads/2024/12/MY25-WIMCYCLE-CLARA-EDISI-OKI-NIRMALA-P-467x3507ac3.jpg]
[www.wimcycle.com/produk/sepeda-anak/clara-oki-nirmala-18/index.html]
[www.wimcycle.com/produk/page/3/index.html]
[www.wimcycle.com/wp-content/uploads/2024/11/MY25-BRONCO20-ELCO-NEON-P-467x3507ac3.jpg]
[www.wimcycle.com/produk/index6146.html]
[www.wimcycle.com/produk/sepeda-anak/beckman-elco-16/index.html]
[www.wimcycle.com/produk/page/4/index.html]
[www.wimcycle.com/wp-content/uploads/2024/10/MY25-NEO-ZEBO-WHITE-P-467x3507ac3.jpg]
[www.wimcycle.com/produk/sepeda-anak/neo-12/index.html]
[www.wimcycle.com/wp-content/uploads/2024/10/MY25-FIREBIRD-GREEN-P-467x3507ac3.jpg]
[www.wimcycle.com/wp-content/uploads/2024/09/MY25-SHOOTGUN-DOOM-16-GREEN-ARMY-467x3507ac3.jpg]
[www.wimcycle.com/wp-content/uploads/2024/08/MY25-THRASHAR-BLACK-RED-P-467x3507ac3.jpg]
[www.wimcycle.com/produk/sepeda-anak/thrahser-x2-20/index.html]
[www.wimcycle.com/produk/sepeda-anak/maxxis-20/index.html]
[www.wimcycle.com/produk/sepeda-bmx/bmx-shotgun-doom-16/index.html]
[www.wimcycle.com/wp-content/uploads/2024/08/MY25-WIMCYCLE-MAXXISS-P-467x3507ac3.jpg]
[www.wimcycle.com/wp-content/uploads/2024/02/MY24-BRONCO16-WHITE-BURN-P-467x3507ac3.jpg]
[www.wimcycle.com/produk/index8a68.html]
[www.wimcycle.com/produk/sepeda-anak/bronco-burn-16/index.html]
[www.wimcycle.com/produk/sepeda-anak/bronco-burn-20/index.html]
[www.wimcycle.com/wp-content/uploads/2024/02/MY25-BRONCO-BURN-RED-P-467x3507ac3.jpg]
[www.wimcycle.com/produk/page/5/index.html]
[www.wimcycle.com/wp-content/uploads/2023/11/MY24-BIG-FOOT-CAFE-RAISER16-ORANGE-P-467x3507ac3.jpg]
[www.wimcycle.com/produk/sepeda-anak/big-foot-cafe-16/index.html]
[www.wimcycle.com/wp-content/uploads/2023/11/MY24-BIG-FOOT-CAFE-RAISER18-RED-P-467x3507ac3.jpg]
[www.wimcycle.com/produk/sepeda-anak/big-foot-cafe-20/index.html]
[www.wimcycle.com/wp-content/uploads/2023/11/MY23-BIGFOOT-ROAD-16-RED-P-467x3507ac3.jpg]
[www.wimcycle.com/produk/sepeda-anak/bmx-big-foot-road-16/index.html]
[www.wimcycle.com/wp-content/uploads/2023/11/MY23-BIGFOOT-ROAD-18-BLUE-P-467x3507ac3.jpg]
[www.wimcycle.com/produk/sepeda-anak/bmx-big-foot-road-18/index.html]
[www.wimcycle.com/wp-content/uploads/2023/10/MY23-SEONA-PINK-P-467x3507ac3.jpg]
[www.wimcycle.com/produk/indexe377.html]
[www.wimcycle.com/produk/ctb/seona-24/index.html]
[www.wimcycle.com/produk/page/6/index.html]
[www.wimcycle.com/wp-content/uploads/2023/07/MY23-FIREBIRD-3.0-RED-P-467x350.df7ac3.delayed]
[www.wimcycle.com/produk/sepeda-bmx/bmx-firebird-20-26/index.html]
[www.wimcycle.com/wp-content/uploads/2023/01/MY23-THRASHER-V2-CREAM-P_web-622x3507ac3.jpg]
[www.wimcycle.com/produk/index880d.html]
[www.wimcycle.com/produk/sepeda-anak/bmx-thrasher-2023/index.html]
[www.wimcycle.com/wp-content/uploads/2021/07/MY22-DRAGSTER20-BLACK-P-copy-525x3507ac3.jpg]
[www.wimcycle.com/wp-content/uploads/2021/07/MY22-DRAGSTER-GREEN-P-copy-525x3507ac3.jpg]
[www.wimcycle.com/produk/sepeda-bmx/20-bmx-dragster/index.html]
[www.wimcycle.com/wp-content/uploads/2021/02/MY21-WIMCYCLE_YUNA_16_BLUE_P-540x3507ac3.jpg]
[www.wimcycle.com/produk/index034a.html]
[www.wimcycle.com/product-category/sepeda-bmx/index.html]
[www.wimcycle.com/produk/sepeda-bmx/16-bmx-dragster/index.html]
[www.wimcycle.com/product-category/sepeda-bmx/page/2/index.html]
[www.wimcycle.com/product-category/sepeda-bmx/feed/index.html]
[www.wimcycle.com/produk/sepeda-anak/16-kids-yuna/index.html]
[www.wimcycle.com/sepeda/sepeda-bmx/feed/index.html]
[www.wimcycle.com/wp-json/oembed/1.0/embed3187.json]
[www.wimcycle.com/wp-json/oembed/1.0/embed4434]
[www.wimcycle.com/wp-content/uploads/2024/12/MY25-BECKMAN-MONSTER-BLACK-P-1-200x2007ac3.jpg]
[www.wimcycle.com/wp-content/uploads/2024/12/MY25-BECKMAN-MONSTER-GREY-P-200x2007ac3.jpg]
[www.wimcycle.com/produk/sepeda-anak/beckman-monster-16/POST]
[www.wimcycle.com/produk/sepeda-anak/beckman-monster-16/index.html]
[www.wimcycle.com/produk/sepeda-anak/bmx-cobalt-generation-20/index.html]
[www.wimcycle.com/wp-json/oembed/1.0/embed7c89.json]
[www.wimcycle.com/wp-json/oembed/1.0/embede52d]
[www.wimcycle.com/wp-content/uploads/2024/12/MY25-WIMCYCLE-COBALT16-BLACK-P-200x2007ac3.jpg]
[www.wimcycle.com/wp-content/uploads/2024/12/MY25-WIMCYCLE-COBALT16-BLUE-P-200x2007ac3.jpg]
[www.wimcycle.com/produk/sepeda-anak/bmx-cobalt-speedtail-16/POST]
[www.wimcycle.com/produk/sepeda-anak/bmx-cobalt-speedtail-16/index.html]
[www.wimcycle.com/produk/sepeda-anak/beckman-apache-20/index.html]
[www.wimcycle.com/wp-json/oembed/1.0/embed3254.json]
[www.wimcycle.com/wp-json/oembed/1.0/embed3d20]
[www.wimcycle.com/wp-content/uploads/2024/12/MY25-Wimcycle-Bugsy-AQA-Pink-P-200x2007ac3.jpg]
[www.wimcycle.com/wp-content/uploads/2024/12/MY25-Wimcycle-Bugsy-AQA-Green-P-200x2007ac3.jpg]
[www.wimcycle.com/produk/sepeda-anak/bugsy-aqa-12/POST]
[www.wimcycle.com/produk/sepeda-anak/bugsy-aqa-12/index.html]
[www.wimcycle.com/produk/sepeda-anak/bmx-labrador-arrow-20/index.html]
[www.wimcycle.com/produk/sepeda-bmx/index6146.html]
[www.wimcycle.com/produk/sepeda-bmx/index8a68.html]
[www.wimcycle.com/produk/sepeda-bmx/indexe377.html]
[www.wimcycle.com/product-category/sepeda-anak/index.html]
[www.wimcycle.com/product-category/sepeda-anak/page/2/index.html]
[www.wimcycle.com/product-category/sepeda-anak/feed/index.html]
[www.wimcycle.com/product-category/sepeda-bmx/page/3/index.html]
[www.wimcycle.com/produk/sepeda-anak.html]
[www.wimcycle.com/product-category/sepeda-bmx/page/4/index.html]
[www.wimcycle.com/produk/sepeda-anak/index6146.html]
[www.wimcycle.com/produk/sepeda-anak/index8a68.html]
[www.wimcycle.com/produk/sepeda-anak/indexe377.html]
[www.wimcycle.com/produk/sepeda-anak/index880d.html]
[www.wimcycle.com/product-category/sepeda-mtb/index.html]
[www.wimcycle.com/product-category/sepeda-mtb/feed/index.html]
[www.wimcycle.com/sepeda/sepeda-mtb/index.html]
[www.wimcycle.com/sepeda/sepeda-mtb/feed/index.html]
[www.wimcycle.com/wp-json/oembed/1.0/embed302c.json]
[www.wimcycle.com/product-category/sepeda-anak/page/4/index.html]
[www.wimcycle.com/wp-json/oembed/1.0/embed7ae9]
[www.wimcycle.com/product-category/sepeda-anak/page/5/index.html]
[www.wimcycle.com/wp-content/uploads/2024/02/MY24-VULCAN-BLUE-P-200x2007ac3.jpg]
[www.wimcycle.com/produk/sepeda-anak/mtb-vulcan-20/POST]
[www.wimcycle.com/produk/sepeda-anak/mtb-vulcan-20/index.html]
[www.wimcycle.com/wp-json/oembed/1.0/embedf174.json]
[www.wimcycle.com/wp-json/oembed/1.0/embede662]
[www.wimcycle.com/wp-content/uploads/2023/06/MY23-TRAIL-BRAZER-2-P-200x2007ac3.jpg]
[www.wimcycle.com/wp-content/uploads/2023/06/MY23-TRAIL-BRAZER-1-P-200x2007ac3.jpg]
[www.wimcycle.com/produk/sepeda-anak/mtb-trail-blazer-24/POST]
[www.wimcycle.com/produk/sepeda-anak/mtb-trail-blazer-24/index.html]
[www.wimcycle.com/wp-json/oembed/1.0/embed9727.json]
[www.wimcycle.com/wp-json/oembed/1.0/embed762b]
[www.wimcycle.com/produk/sepeda-anak/20-mtb-trail-blazer/POST]
[www.wimcycle.com/produk/sepeda-anak/20-mtb-trail-blazer/index.html]
[www.wimcycle.com/produk/aegyo-series/mtb-storm-aegyo/index.html]
[www.wimcycle.com/produk/sepeda-mtb/275-mtb-falcon/index.html]
[www.wimcycle.com/produk/sepeda-mtb/275-mtb-storm/index.html]
[www.wimcycle.com/product-category/sepeda-lipat/index.html]
[www.wimcycle.com/product-category/sepeda-lipat/feed/index.html]
[www.wimcycle.com/index3ba0.html]
[www.wimcycle.com/kontak-kami/POST.html]
[www.wimcycle.com/index49b1.html]
[www.wimcycle.com/wp-json/wp/v2/pages/44]
[www.wimcycle.com/wp-json/oembed/1.0/embeddecc]
[www.wimcycle.com/sepeda/sepeda-lipat/index.html]
[www.wimcycle.com/wp-content/themes/wimcycle/assets/css/bootstrap-datepicker.standalone.minfab2.css]
[www.wimcycle.com/indexfbd5.html]
[www.wimcycle.com/registrasi-sepeda/POST.html]
[www.wimcycle.com/sepeda/sepeda-lipat/feed/index.html]
[www.wimcycle.com/index7ea6.html]
[www.wimcycle.com/wp-json/oembed/1.0/embed1430]
[www.wimcycle.com/garansi/POST]
[www.wimcycle.com/panduan-ukuran-sepeda/POST.html]
[www.wimcycle.com/wp-json/wp/v2/pages/46]
[www.wimcycle.com/wp-json/oembed/1.0/embed721a]
[www.wimcycle.com/wp-json/oembed/1.0/embedaac8]
[www.wimcycle.com/promo/prestawim-ganjil-2023/index.html]
[www.wimcycle.com/dealer-sepeda-wimcycle/index.html]
[www.wimcycle.com/blog/page/2/index.html]
[www.wimcycle.com/wp-content/uploads/2023/12/web-banner-prestawimdekstop-artikel-800x4207ac3.jpg]
[www.wimcycle.com/wp-json/wp/v2/posts/19636.json]
[www.wimcycle.com/wp-json/oembed/1.0/embed2f2a.json]
[www.wimcycle.com/wp-json/oembed/1.0/embed929c]
[www.wimcycle.com/wp-content/uploads/2023/12/web-banner-bundling-helmdekstop-artikel-1200x6317ac3.jpg]
[www.wimcycle.com/wp-content/uploads/2023/12/web-banner-bundling-helmdekstop-artikel-800x4207ac3.jpg]
[www.wimcycle.com/wp-content/uploads/2020/12/IMG-20201207-WA0052-622x3507ac3.jpg]
[www.wimcycle.com/blog/berkeliling-wisata-yogyakarta-rayakan-hari-jadi-pertama-komunitas-pocket-rocket/index.html]
[www.wimcycle.com/wp-content/uploads/2020/07/WEBSITE-2-529x3507ac3.jpg]
[www.wimcycle.com/wp-content/uploads/2020/09/COVER-DIY-BIKE-TAG-21-530x3507ac3.jpg]
[www.wimcycle.com/blog/perlengkapan-yang-perlu-di-persiapkan-sebelum-bersepeda/index.html]
[www.wimcycle.com/promo/promo-sepeda-lipat-wimcycle-des2023/POST]
[www.wimcycle.com/promo/promo-sepeda-lipat-wimcycle-des2023/index.html]
[www.wimcycle.com/blog/asah-kreatifitas-anak-selama-school-from-home-sepeda-anak/index.html]
[www.wimcycle.com/wp-json/wp/v2/posts/19057.json]
[www.wimcycle.com/wp-json/oembed/1.0/embed62a7.json]
[www.wimcycle.com/wp-json/oembed/1.0/embedc54d]
[www.wimcycle.com/wp-content/uploads/2023/11/web-banner-lucky2windekstop-artikel-1200x6317ac3.jpg]
[www.wimcycle.com/wp-content/uploads/2023/11/web-banner-lucky2windekstop-artikel-800x4207ac3.jpg]
[www.wimcycle.com/wp-content/uploads/2020/09/COVER_TETAP-JAGA-STAMINA-530x3507ac3.jpg]
[www.wimcycle.com/promo/lucky2wim-banyak-hadiah-di-akhir-tahun-2023/POST]
[www.wimcycle.com/promo/lucky2wim-banyak-hadiah-di-akhir-tahun-2023/index.html]
[www.wimcycle.com/blog/tetap-jaga-stamina-untuk-keluarga-dengan-menjaga-pola-hidup-sehat/index.html]
[www.wimcycle.com/wp-json/wp/v2/posts/13157.json]
[www.wimcycle.com/wp-json/oembed/1.0/embed55dc.json]
[www.wimcycle.com/wp-json/oembed/1.0/embed249a]
[www.wimcycle.com/wp-content/uploads/2023/03/06_Perlengkapan_Wajib_BersepedaCOVER7ac3.jpg]
[www.wimcycle.com/wp-content/uploads/2023/03/06_Perlengkapan_Wajib_Bersepeda17ac3.jpg]
[www.wimcycle.com/wp-content/uploads/2023/03/06_Perlengkapan_Wajib_Bersepeda27ac3.jpg]
[www.wimcycle.com/wp-content/uploads/2023/03/06_Perlengkapan_Wajib_Bersepeda37ac3.jpg]
[www.wimcycle.com/wp-content/uploads/2023/03/06_Perlengkapan_Wajib_Bersepeda47ac3.jpg]
[www.wimcycle.com/wp-content/uploads/2023/03/06_Perlengkapan_Wajib_Bersepeda67ac3.jpg]
[www.wimcycle.com/produk/sepeda-anak/bmx-big-foot-solid-series-20/index.html]
[www.wimcycle.com/wp-content/uploads/2023/03/06_Perlengkapan_Wajib_Bersepeda77ac3.jpg]
[www.wimcycle.com/produk/sepeda-anak/bmx-big-foot-solid-series-16/index.html]
[www.wimcycle.com/wp-content/uploads/2023/03/06_Perlengkapan_Wajib_Bersepeda87ac3.jpg]
[www.wimcycle.com/wp-content/uploads/2020/09/COVER-PENDAFTARAN-SEPEDA-530x3507ac3.jpg]
[www.wimcycle.com/produk/sepeda-lipat/20-pocket-rocket-x3/index.html]
[www.wimcycle.com/produk/sepeda-anak/20-shotgun/index.html]
[www.wimcycle.com/blog/perlengkapan-wajib-yang-harus-digunakan-saat-anak-bersepeda/POST]
[www.wimcycle.com/blog/perlengkapan-wajib-yang-harus-digunakan-saat-anak-bersepeda/index.html]
[www.wimcycle.com/wp-json/wp/v2/posts/12516.json]
[www.wimcycle.com/wp-json/oembed/1.0/embed0354.json]
[www.wimcycle.com/wp-json/oembed/1.0/embedc981]
[www.wimcycle.com/wp-content/uploads/2023/01/02_Blog_Manfaat_Bermain_Sepeda_Pada_AnakCOVER7ac3.jpg]
[www.wimcycle.com/wp-content/uploads/2023/01/02_Blog_Manfaat_Bermain_Sepeda_Pada_Anak17ac3.jpg]
[www.wimcycle.com/wp-content/uploads/2023/01/02_Blog_Manfaat_Bermain_Sepeda_Pada_Anak27ac3.jpg]
[www.wimcycle.com/wp-content/uploads/2023/01/02_Blog_Manfaat_Bermain_Sepeda_Pada_Anak37ac3.jpg]
[www.wimcycle.com/wp-content/uploads/2023/01/02_Blog_Manfaat_Bermain_Sepeda_Pada_Anak47ac3.jpg]
[www.wimcycle.com/wp-content/uploads/2023/01/02_Blog_Manfaat_Bermain_Sepeda_Pada_Anak57ac3.jpg]
[www.wimcycle.com/wp-content/uploads/2023/01/02_Blog_Manfaat_Bermain_Sepeda_Pada_Anak67ac3.jpg]
[www.wimcycle.com/wp-content/uploads/2023/01/02_Blog_Manfaat_Bermain_Sepeda_Pada_Anak77ac3.jpg]
[www.wimcycle.com/produk/sepeda-anak/20-bmx-yuna-steel-basket/index.html]
[www.wimcycle.com/wp-content/uploads/2023/01/02_Blog_Manfaat_Bermain_Sepeda_Pada_Anak87ac3.jpg]
[www.wimcycle.com/wp-content/uploads/2023/01/02_Blog_Manfaat_Bermain_Sepeda_Pada_Anak97ac3.jpg]
[www.wimcycle.com/wp-content/uploads/2023/01/02_Blog_Manfaat_Bermain_Sepeda_Pada_Anak107ac3.jpg]
[www.wimcycle.com/wp-content/uploads/2020/09/COVER_CARA-MENGGUNAKAN-HELM-40-912x3507ac3.jpg]
[www.wimcycle.com/produk/sepeda-anak/18-kids-clara/index.html]
[www.wimcycle.com/produk/aegyo-series/pocket-rocket-aegyo/index.html]
[www.wimcycle.com/blog/manfaat-bermain-sepeda-pada-anak/POST]
[www.wimcycle.com/blog/manfaat-bermain-sepeda-pada-anak/index.html]
[www.wimcycle.com/produk/sepeda-anak/wimcycle-bugsy-girls/index.html]
[www.wimcycle.com/produk/sepeda-anak/16-kids-clara/index.html]
[www.wimcycle.com/wp-content/uploads/2023/01/02_Blog_Manfaat_Bermain_Sepeda_Pada_AnakCOVER-622x3507ac3.jpg]
[www.wimcycle.com/blog/cara-menggunakan-helm-yang-benar-agar-tetap-aman/index.html]
[www.wimcycle.com/wp-json/wp/v2/posts/12371.json]
[www.wimcycle.com/wp-json/oembed/1.0/embed2aa8.json]
[www.wimcycle.com/wp-json/oembed/1.0/embede2ef]
[www.wimcycle.com/wp-content/uploads/2023/01/01_Blog_Cara_Merawat_Sepeda_Anak_Agar_Tahan_LamaCOVER7ac3.jpg]
[www.wimcycle.com/wp-content/uploads/2023/01/01_Blog_Cara_Merawat_Sepeda_Anak_Agar_Tahan_Lama17ac3.jpg]
[www.wimcycle.com/wp-content/uploads/2023/01/01_Blog_Cara_Merawat_Sepeda_Anak_Agar_Tahan_Lama27ac3.jpg]
[www.wimcycle.com/wp-content/uploads/2023/01/01_Blog_Cara_Merawat_Sepeda_Anak_Agar_Tahan_Lama37ac3.jpg]
[www.wimcycle.com/wp-content/uploads/2023/01/01_Blog_Cara_Merawat_Sepeda_Anak_Agar_Tahan_Lama47ac3.jpg]
[www.wimcycle.com/wp-content/uploads/2023/01/01_Blog_Cara_Merawat_Sepeda_Anak_Agar_Tahan_Lama57ac3.jpg]
[www.wimcycle.com/wp-content/uploads/2022/12/rekomendasi-sepeda-anak-wimcycleCOVER-622x3507ac3.jpg]
[www.wimcycle.com/wp-content/uploads/2020/12/WhatsApp-Image-2020-11-24-at-10.56.20-AM-622x3507ac3.jpg]
[www.wimcycle.com/wp-content/uploads/2022/03/banner-web-artikel-1-666x3507ac3.jpg]
[www.wimcycle.com/blog/cara-merawat-sepeda-anak-agar-tahan-lama/POST]
[www.wimcycle.com/blog/rekomendasi-sepeda-anak-wimcycle/index.html]
[www.wimcycle.com/blog/cara-merawat-sepeda-anak-agar-tahan-lama/index.html]
[www.wimcycle.com/blog/sumber-sepeda-sejahtera-makassar-dan-komunitas-pocket-rocket-adakan-gobar-jalin-silahturami/index.html]
[www.wimcycle.com/blog/webinar-bertalenta-aktif-potret-anak-masa-kini/index.html]
[www.wimcycle.com/wp-content/uploads/2022/11/Jenis-sepeda-anak7-467x3507ac3.jpg]
[www.wimcycle.com/blog/page/3/index.html]
[www.wimcycle.com/blog/kenali-jenis-jenis-sepeda-anak-berdasarkan-usia/index.html]
[www.wimcycle.com/wp-content/uploads/2022/11/sepeda-bmx-anak-wimcover-622x3507ac3.jpg]
[www.wimcycle.com/blog/sepeda-bmx-anak-wimcycle-spesifikasi-dan-harga/index.html]
[www.wimcycle.com/wp-content/uploads/2022/11/Cara-memilih-sepeda-anakcover-622x3507ac3.jpg]
[www.wimcycle.com/blog/index6146.html]
[www.wimcycle.com/blog/cara-memilih-sepeda-anak-yang-tepat/index.html]
[www.wimcycle.com/wp-content/uploads/2022/01/Artboard-8-593x3507ac3.jpg]
[www.wimcycle.com/blog/sepeda-anak-perempuan-wimcycle-spesifikasi-dan-harga/index.html]
[www.wimcycle.com/blog/page/4/index.html]
[www.wimcycle.com/wp-content/uploads/2021/12/MicrosoftTeams-image-171-593x3507ac3.jpg]
[www.wimcycle.com/blog/kunjungi-event-kami-di-push-bike-cirebon/index.html]
[www.wimcycle.com/blog/kunjungi-kami-di-event-push-bike-jakarta/index.html]
[www.wimcycle.com/wp-content/uploads/2021/10/MicrosoftTeams-image-146-669x3507ac3.jpg]
[www.wimcycle.com/wp-content/uploads/2021/06/dealer-wimcycle-579x3507ac3.jpg]
[www.wimcycle.com/blog/dealer-resmi-wimcycle/index.html]
[www.wimcycle.com/wp-content/uploads/2021/04/MicrosoftTeams-image-97-664x3507ac3.jpg]
[www.wimcycle.com/blog/index8a68.html]
[www.wimcycle.com/blog/ikuti-lomba-video-hebohnya-belajar-sepeda/index.html]
[www.wimcycle.com/blog/gebyar-pocket-rocket/index.html]
[www.wimcycle.com/wp-content/uploads/2020/10/COVER-03-530x3507ac3.jpg]
[www.wimcycle.com/wp-content/uploads/2020/09/COVER-ISYARAT-TANGAN-SAAT-BERSEPEDA-529x3507ac3.jpg]
[www.wimcycle.com/blog/page/5/index.html]
[www.wimcycle.com/blog/ketahuilah-isyarat-tangan-saat-bersepeda-agar-aman-di-jalan/index.html]
[www.wimcycle.com/wp-content/uploads/2020/09/COVER-60-DETIK-530x3507ac3.jpg]
[www.wimcycle.com/blog/indexe377.html]
[www.wimcycle.com/blog/60-detik-sebelum-bersepeda-cek-5-hal-berikut/index.html]
[www.wimcycle.com/blog/ide-kado-ulang-tahun-yang-bikin-happy/index.html]
[www.wimcycle.com/wp-content/uploads/2020/09/SFH_HOMEPAGE-664x3507ac3.jpg]
[www.wimcycle.com/blog/page/6/index.html]
[www.wimcycle.com/blog/ceritakan-pengalaman-menarik-selama-school-from-home-dan-dapatkan-hadiahnya/index.html]
[www.wimcycle.com/wp-content/uploads/2020/07/COVER-PERAN-PENTING-530x3507ac3.jpg]
[www.wimcycle.com/wp-content/uploads/2020/07/COVER-SI-KECIL-KECANDUAN-GADGET-530x3507ac3.jpg]
[www.wimcycle.com/blog/index880d.html]
[www.wimcycle.com/blog/kecanduan-gadget-yuk-kenalkan-dengan-permainan-tradisional-sepeda-anak/index.html]
[www.wimcycle.com/wp-content/uploads/2020/07/WEBSITE-1-1-530x3507ac3.jpg]
[www.wimcycle.com/tips/4-kegiatan-untuk-menghabiskan-waktu-bersama-keluarga/index.html]
[www.wimcycle.com/wp-content/uploads/2020/06/Keluarga-Sepedaan-530x3507ac3.jpg]
[www.wimcycle.com/blog/index034a.html]
[www.wimcycle.com/blog/manfaat-bersepeda-untuk-sepeda-anak/index.html]
[www.wimcycle.com/promo/index.html]
[www.wimcycle.com/wp-json/wp/v2/categories/84.json]
[www.wimcycle.com/promo/feed/index.html]
[www.wimcycle.com/tips/index.html]
[www.wimcycle.com/wp-json/wp/v2/categories/17.json]
[www.wimcycle.com/uncategorized/index.html]
[www.wimcycle.com/indexfa02.html]
[www.wimcycle.com/wimmers-fun-day/POST.html]
[www.wimcycle.com/wp-json/wp/v2/categories/1.json]
[www.wimcycle.com/wp-json/oembed/1.0/embedcd74]
[www.wimcycle.com/wp-json/oembed/1.0/embedb15c]
[www.wimcycle.com/produk/sepeda-anak/20-bmx-thrasher/index.html]
[www.wimcycle.com/uncategorized/feed/index.html]
[www.wimcycle.com/wp-content/uploads/2024/12/MY25-Wimcycle-Clara-Edisi-Oki-Nirmala-Bobo-P-200x2007ac3.jpg]
[www.wimcycle.com/produk/sepeda-anak/20-bmx-bigfoot/index.html]
[www.wimcycle.com/produk/sepeda-anak/bmx-dragster-oki-nirmala-18/POST.html]
[www.wimcycle.com/indexcfca.html]
[www.wimcycle.com/wp-json/oembed/1.0/embed9766.json]
[www.wimcycle.com/wp-json/oembed/1.0/embed6295]
[www.wimcycle.com/wp-content/uploads/2023/05/MY23-DRAGSTER22-GOAL-P2-200x2007ac3.jpg]
[www.wimcycle.com/wp-content/uploads/2023/05/MY23-DRAGSTER22-GOAL-P1-200x2007ac3.jpg]
[www.wimcycle.com/wp-content/uploads/2023/05/MY23-GOAL-RED-P-200x2007ac3.jpg]
[www.wimcycle.com/produk/sepeda-anak/20-bmx-dragster-goal/POST]
[www.wimcycle.com/produk/sepeda-anak/20-bmx-dragster-goal/index.html]
[www.wimcycle.com/wp-json/oembed/1.0/embed46f9.json]
[www.wimcycle.com/wp-json/oembed/1.0/embed4cf5-2]
[www.wimcycle.com/wp-content/uploads/2023/08/MY23-FIREBIRD-2.0-IRON-GRAY-200x2007ac3.jpg]
[www.wimcycle.com/wp-content/uploads/2023/08/MY23-FIREBIRD-2.0-OCEAN-BLUE-200x2007ac3.jpg]
[www.wimcycle.com/produk/sepeda-bmx/bmx-firebird-20-2125/POST]
[www.wimcycle.com/produk/sepeda-bmx/bmx-firebird-20-2125/index.html]
[www.wimcycle.com/wp-json/oembed/1.0/embed3628.json]
[www.wimcycle.com/wp-json/oembed/1.0/embeda412]
[www.wimcycle.com/wp-content/uploads/2024/08/MY25-WIMCYCLE-SHOTGUN-DOOM-P-200x2007ac3.jpg]
[www.wimcycle.com/wp-content/uploads/2024/08/MY25-SHOTGUN-DOOM-LIGHT-GREEN-P-200x2007ac3.jpg]
[www.wimcycle.com/produk/sepeda-anak/shotgun-doom-20/POST]
[www.wimcycle.com/produk/sepeda-anak/shotgun-doom-20/index.html]
[www.wimcycle.com/produk/sepeda-bmx/bmx-firebird-18/POST.html]
[www.wimcycle.com/produk/sepeda-anak/bmx-big-foot-road-20/POST.173.delayed]
[www.wimcycle.com/produk/sepeda-anak/bmx-big-foot-road-20/index.html]
[www.wimcycle.com/index00a1.html]
[www.wimcycle.com/wp-json/oembed/1.0/embed9176.json]
[www.wimcycle.com/wp-json/oembed/1.0/embed5dbf]
[www.wimcycle.com/wp-content/uploads/2024/06/MY25-BUGSY-BATITA-BLUE-P-200x2007ac3.jpg]
[www.wimcycle.com/wp-content/uploads/2024/06/MY25-BUGSY-BATITA-GREY-P-200x2007ac3.jpg]
[www.wimcycle.com/wp-content/uploads/2024/06/MY25-BUGSY-BATITA-PINK-P-200x2007ac3.jpg]
[www.wimcycle.com/produk/sepeda-anak/wimcycle-bugsy-balita/POST]
[www.wimcycle.com/produk/sepeda-anak/wimcycle-bugsy-balita/index.html]
[www.wimcycle.com/produk/sepeda-bmx/bmx-big-foot-road-20/POST.html]
[www.wimcycle.com/produk/ctb/index.html]
[www.wimcycle.com/produk/sepeda-lipat.html]
[www.wimcycle.com/wp-json/wp/v2/pages/57.json]
[www.wimcycle.com/product-category/ctb/feed/index.html]
[www.wimcycle.com/wp-json/oembed/1.0/embed03a5.json]
[www.wimcycle.com/product-category/ctb/index.html]
[www.wimcycle.com/wp-json/oembed/1.0/embed0215]
[www.wimcycle.com/history/POST]
[www.wimcycle.com/history/index.html]
[www.wimcycle.com/event/index.html]
[www.wimcycle.com/wp-json/oembed/1.0/embedaf24.json]
[www.wimcycle.com/wp-json/oembed/1.0/embedada5]
[www.wimcycle.com/karir/POST]
[www.wimcycle.com/karir/index.html]
[www.wimcycle.com/wp-content/themes/wimcycle/assets/images/bg-quote.svg]
[www.wimcycle.com/produk/page/2/index.html]
[www.wimcycle.com/wp-content/themes/wimcycle/assets/css/nouisliderfab2.css]
[www.wimcycle.com/indexc632.html]
[www.wimcycle.com/wp-json/oembed/1.0/embedfcce.json]
[www.wimcycle.com/produk/page/2/index880d.html]
[www.wimcycle.com/produk/page/2/index034a.html]
[www.wimcycle.com/wp-json/oembed/1.0/embed46ed]
[www.wimcycle.com/wp-content/uploads/2023/11/Push-Bike-Wimcycle-Gomy-Black-200x2007ac3.jpg]
[www.wimcycle.com/wp-content/uploads/2023/11/Push-Bike-Wimcycle-Gomy-Forest-Green-200x2007ac3.jpg]
[www.wimcycle.com/wp-content/uploads/2023/11/Push-Bike-Wimcycle-Gomy-White-200x2007ac3.jpg]
[www.wimcycle.com/wp-content/uploads/2023/11/Push-Bike-Wimcycle-Gomy-Pink-200x2007ac3.jpg]
[www.wimcycle.com/produk/sepeda-anak/push-bike-gomy/POST]
[www.wimcycle.com/produk/sepeda-anak/push-bike-gomy/index.html]
[www.wimcycle.com/produk/sepeda-anak/bronco-burn-18/POST.html]
[www.wimcycle.com/index9b39.html]
[www.wimcycle.com/wp-json/oembed/1.0/embed49ac.json]
[www.wimcycle.com/wp-json/oembed/1.0/embed3509]
[www.wimcycle.com/wp-content/uploads/2023/05/MY23-DRAGSTER16-GOAL-P1-200x2007ac3.jpg]
[www.wimcycle.com/wp-content/uploads/2023/05/MY23-DRAGSTER16-GOAL-P2-200x2007ac3.jpg]
[www.wimcycle.com/produk/sepeda-anak/16-bmx-dragster-goal/POST]
[www.wimcycle.com/produk/sepeda-anak/16-bmx-dragster-goal/index.html]
[www.wimcycle.com/wp-json/oembed/1.0/embed039d.json]
[www.wimcycle.com/wp-json/oembed/1.0/embed9925]
[www.wimcycle.com/wp-content/uploads/2023/03/MicrosoftTeams-image-60-200x2007ac3.jpg]
[www.wimcycle.com/wp-content/uploads/2023/03/MicrosoftTeams-image-58-200x2007ac3.jpg]
[www.wimcycle.com/wp-content/uploads/2023/03/MicrosoftTeams-image-59-200x2007ac3.jpg]
[www.wimcycle.com/produk/sepeda-anak/beckman-elco-20/POST]
[www.wimcycle.com/produk/sepeda-anak/beckman-elco-20/index.html]
[www.wimcycle.com/produk/sepeda-anak/fixie-muse-20/POST.html]
[www.wimcycle.com/index10ba.html]
[www.wimcycle.com/produk/sepeda-anak/neo-balita-12/POST.html]
[www.wimcycle.com/indexab6f.html]
[www.wimcycle.com/wp-json/oembed/1.0/embed033a.json]
[www.wimcycle.com/wp-json/oembed/1.0/embed5d94]
[www.wimcycle.com/wp-content/uploads/2024/01/MY24-CANARY-BLUE-P-200x2007ac3.jpg]
[www.wimcycle.com/wp-content/uploads/2024/01/MY24-CANARY-CREAM-P-200x2007ac3.jpg]
[www.wimcycle.com/wp-content/uploads/2024/01/MY24-CANARY-PINK-P-200x2007ac3.jpg]
[www.wimcycle.com/produk/ctb/canary-16/POST]
[www.wimcycle.com/produk/ctb/canary-16/index.html]
[www.wimcycle.com/produk/sepeda-anak/18-kids-yuna/index.html]
[www.wimcycle.com/produk/ctb/elena-bear-16/POST.html]
[www.wimcycle.com/indexc290.html]
[www.wimcycle.com/wp-json/oembed/1.0/embed8766.json]
[www.wimcycle.com/wp-json/oembed/1.0/embedf786]
[www.wimcycle.com/wp-content/uploads/2023/11/MY23-DRAGSTER-GOAL18-BATCH-3-ORANGE-P-200x2007ac3.jpg]
[www.wimcycle.com/wp-content/uploads/2023/11/MY23-DRAGSTER-GOAL18-BATCH-3-BLUE-P-200x2007ac3.jpg]
[www.wimcycle.com/produk/sepeda-anak/18-bmx-dragster-goal/POST]
[www.wimcycle.com/produk/sepeda-anak/18-bmx-dragster-goal/index.html]
[www.wimcycle.com/produk/sepeda-anak/elena-strawberry-16/POST.html]
[www.wimcycle.com/produk/page/3/index.html]
[www.wimcycle.com/produk/page/3/index6146.html]
[www.wimcycle.com/produk/page/3/indexe377.html]
[www.wimcycle.com/produk/sepeda-anak/clara-oki-nirmala-18/index.html]
[www.wimcycle.com/produk/page/3/index034a.html]
[www.wimcycle.com/wp-json/oembed/1.0/embed94aa.json]
[www.wimcycle.com/wp-json/oembed/1.0/embed0ed2]
[www.wimcycle.com/wp-content/uploads/2024/11/MY25-BRONCO20-ELCO-BLUE-P-200x2007ac3.jpg]
[www.wimcycle.com/wp-content/uploads/2024/11/MY25-BRONCO20-ELCO-NEON-P-200x2007ac3.jpg]
[www.wimcycle.com/wp-content/uploads/2024/11/MY25-BRONCO20-ELCO-RED-P-200x2007ac3.jpg]
[www.wimcycle.com/produk/sepeda-anak/beckman-elco-16/POST]
[www.wimcycle.com/produk/sepeda-anak/beckman-elco-16/index.html]
[www.wimcycle.com/produk/indexa595.html]
[www.wimcycle.com/produk/page/4/index.html]
[www.wimcycle.com/produk/page/4/index6146.html]
[www.wimcycle.com/produk/page/4/index8a68.html]
[www.wimcycle.com/produk/page/4/index880d.html]
[www.wimcycle.com/wp-json/oembed/1.0/embedce48.json]
[www.wimcycle.com/produk/page/4/index034a.html]
[www.wimcycle.com/wp-json/oembed/1.0/embedd79e]
[www.wimcycle.com/wp-content/uploads/2024/10/MY25-NEO-RABBIT-PURPLE-P-200x2007ac3.jpg]
[www.wimcycle.com/wp-content/uploads/2024/10/MY25-NEO-ZEBO-WHITE-P-200x2007ac3.jpg]
[www.wimcycle.com/produk/sepeda-anak/neo-12/POST]
[www.wimcycle.com/produk/sepeda-anak/neo-12/index.html]
[www.wimcycle.com/produk/page/3/index880d.html]
[www.wimcycle.com/wp-json/oembed/1.0/embedd11d.json]
[www.wimcycle.com/wp-json/oembed/1.0/embedbbed]
[www.wimcycle.com/wp-content/uploads/2024/09/MY25-SHOOTGUN-DOOM-16-GREEN-ARMY-200x2007ac3.jpg]
[www.wimcycle.com/wp-content/uploads/2024/09/MY25-SHOOTGUN-DOOM-16-BLUE-200x2007ac3.jpg]
[www.wimcycle.com/produk/sepeda-bmx/bmx-shotgun-doom-16/POST]
[www.wimcycle.com/produk/sepeda-bmx/bmx-shotgun-doom-16/index.html]
[www.wimcycle.com/wp-json/oembed/1.0/embed9a74.json]
[www.wimcycle.com/wp-json/oembed/1.0/embed4320]
[www.wimcycle.com/wp-content/uploads/2024/08/MY25-THRASHAR-BLACK-RED-P-200x2007ac3.jpg]
[www.wimcycle.com/wp-content/uploads/2024/09/MY25-Wimcycle-BMX-Thrasher-X2-Green-P-200x2007ac3.jpg]
[www.wimcycle.com/produk/sepeda-anak/thrahser-x2-20/POST]
[www.wimcycle.com/produk/sepeda-anak/thrahser-x2-20/index.html]
[www.wimcycle.com/wp-json/oembed/1.0/embedc756.json]
[www.wimcycle.com/wp-json/oembed/1.0/embed69c4]
[www.wimcycle.com/wp-content/uploads/2024/08/MY25-WIMCYCLE-MAXXISS-P-200x2007ac3.jpg]
[www.wimcycle.com/wp-content/uploads/2024/08/MY25-MAXXIS-BLACK-RED-P-200x2007ac3.jpg]
[www.wimcycle.com/produk/sepeda-anak/maxxis-20/POST]
[www.wimcycle.com/produk/sepeda-anak/maxxis-20/index.html]
[www.wimcycle.com/wp-json/oembed/1.0/embed9908.json]
[www.wimcycle.com/wp-json/oembed/1.0/embed1b37]
[www.wimcycle.com/wp-content/uploads/2024/02/MY24-BRONCO16-BURN-BLACK-P-200x2007ac3.jpg]
[www.wimcycle.com/wp-content/uploads/2024/02/MY24-BRONCO16-WHITE-BURN-P-200x2007ac3.jpg]
[www.wimcycle.com/produk/sepeda-anak/bronco-burn-16/POST]
[www.wimcycle.com/produk/sepeda-anak/bronco-burn-16/index.html]
[www.wimcycle.com/produk/page/5/index.html]
[www.wimcycle.com/produk/page/5/index8a68.html]
[www.wimcycle.com/produk/page/5/indexe377.html]
[www.wimcycle.com/produk/page/5/index6146.html]
[www.wimcycle.com/produk/page/5/index034a.html]
[www.wimcycle.com/wp-json/oembed/1.0/embed2066.json]
[www.wimcycle.com/wp-json/oembed/1.0/embedb814]
[www.wimcycle.com/wp-content/uploads/2024/02/MY24-BRONCO20-BURN-GREEN-FOREST-P-200x2007ac3.jpg]
[www.wimcycle.com/wp-content/uploads/2024/02/MY24-BRONCO20-BURN-BLACK-P-200x2007ac3.jpg]
[www.wimcycle.com/wp-content/uploads/2024/02/MY25-BRONCO-BURN-RED-P-200x2007ac3.jpg]
[www.wimcycle.com/wp-content/uploads/2024/02/MY25-BRONCO-BURN-BLUE-P-200x2007ac3.jpg]
[www.wimcycle.com/produk/sepeda-anak/bronco-burn-20/POST]
[www.wimcycle.com/produk/sepeda-anak/bronco-burn-20/index.html]
[www.wimcycle.com/wp-json/oembed/1.0/embedee4a.json]
[www.wimcycle.com/wp-json/oembed/1.0/embedd914]
[www.wimcycle.com/wp-content/uploads/2023/11/MY24-BIG-FOOT-CAFE-RAISER16-ORANGE-P-200x2007ac3.jpg]
[www.wimcycle.com/wp-content/uploads/2023/11/MY24-BIG-FOOT-CAFE-RAISER16-WHITE-P-200x2007ac3.jpg]
[www.wimcycle.com/produk/sepeda-anak/big-foot-cafe-16/POST]
[www.wimcycle.com/produk/sepeda-anak/big-foot-cafe-16/index.html]
[www.wimcycle.com/wp-json/oembed/1.0/embedfb90.json]
[www.wimcycle.com/wp-json/oembed/1.0/embed9e9c]
[www.wimcycle.com/wp-content/uploads/2023/11/MY24-BIG-FOOT-CAFE-RAISER18-RED-P-200x2007ac3.jpg]
[www.wimcycle.com/wp-content/uploads/2023/11/MY24-BIG-FOOT-CAFE-RAISER18-BLUE-P-200x2007ac3.jpg]
[www.wimcycle.com/produk/sepeda-anak/big-foot-cafe-20/POST]
[www.wimcycle.com/produk/sepeda-anak/big-foot-cafe-20/index.html]
[www.wimcycle.com/wp-json/oembed/1.0/embed082a.json]
[www.wimcycle.com/wp-json/oembed/1.0/embed4c53]
[www.wimcycle.com/wp-content/uploads/2023/11/MY23-BIGFOOT-ROAD-16-BLACK-P-200x2007ac3.jpg]
[www.wimcycle.com/wp-content/uploads/2023/11/MY23-BIGFOOT-ROAD-16-RED-P-200x2007ac3.jpg]
[www.wimcycle.com/produk/sepeda-anak/bmx-big-foot-road-16/POST]
[www.wimcycle.com/produk/sepeda-anak/bmx-big-foot-road-16/index.html]
[www.wimcycle.com/wp-json/oembed/1.0/embed7477.json]
[www.wimcycle.com/wp-json/oembed/1.0/embed323c]
[www.wimcycle.com/wp-content/uploads/2023/11/MY23-BIGFOOT-ROAD-18-BLACK-P-200x2007ac3.jpg]
[www.wimcycle.com/wp-content/uploads/2023/11/MY23-BIGFOOT-ROAD-18-BLUE-P-200x2007ac3.jpg]
[www.wimcycle.com/produk/sepeda-anak/bmx-big-foot-road-18/POST]
[www.wimcycle.com/produk/sepeda-anak/bmx-big-foot-road-18/index.html]
[www.wimcycle.com/wp-json/oembed/1.0/embed0d01.json]
[www.wimcycle.com/wp-json/oembed/1.0/embed4c6c]
[www.wimcycle.com/wp-content/uploads/2023/10/MY23-SEONA-YELLOW-P-200x2007ac3.jpg]
[www.wimcycle.com/wp-content/uploads/2023/10/MY23-SEONA-PINK-P-200x2007ac3.jpg]
[www.wimcycle.com/produk/ctb/seona-24/POST]
[www.wimcycle.com/produk/ctb/seona-24/index.html]
[www.wimcycle.com/produk/page/6/index.html]
[www.wimcycle.com/produk/page/6/index6146.html]
[www.wimcycle.com/produk/page/6/index8a68.html]
[www.wimcycle.com/produk/page/6/indexe377.html]
[www.wimcycle.com/produk/page/6/index880d.html]
[www.wimcycle.com/wp-json/oembed/1.0/embed9b7f.json]
[www.wimcycle.com/wp-json/oembed/1.0/embedafc2]
[www.wimcycle.com/wp-content/uploads/2023/07/MY23-FIREBIRD-3.0-BLACK-P-200x2007ac3.jpg]
[www.wimcycle.com/wp-content/uploads/2023/07/MY23-FIREBIRD-3.0-RED-P-200x2007ac3.jpg]
[www.wimcycle.com/produk/sepeda-bmx/bmx-firebird-20-26/POST]
[www.wimcycle.com/produk/sepeda-bmx/bmx-firebird-20-26/index.html]
[www.wimcycle.com/produk/sepeda-anak/bmx-thrasher-2023/index.html]
[www.wimcycle.com/produk/sepeda-bmx/20-bmx-dragster/index.html]
[www.wimcycle.com/produk/sepeda-bmx/16-bmx-dragster/index.html]
[www.wimcycle.com/produk/sepeda-anak/16-kids-yuna/index.html]
[www.wimcycle.com/sepeda/sepeda-bmx/index.html]
[www.wimcycle.com/sepeda/sepeda-bmx/page/2/index.html]
[www.wimcycle.com/sepeda/sepeda-bmx/feed/index.html]
[www.wimcycle.com/index0bc0.html]
[www.wimcycle.com/produk/sepeda-anak/beckman-monster-16/POST.html]
[www.wimcycle.com/index5356.html]
[www.wimcycle.com/produk/sepeda-anak/bmx-cobalt-speedtail-16/POST.html]
[www.wimcycle.com/index1a27.html]
[www.wimcycle.com/produk/sepeda-anak/bugsy-aqa-12/POST.html]
[www.wimcycle.com/product-category/sepeda-bmx/page/3/index.html]
[www.wimcycle.com/produk/sepeda-bmx/indexa595.html]
[www.wimcycle.com/product-category/sepeda-bmx/page/4/index.html]
[www.wimcycle.com/sepeda/sepeda-anak/index.html]
[www.wimcycle.com/sepeda/sepeda-anak/feed/index.html]
[www.wimcycle.com/product-category/sepeda-anak/page/4/index.html]
[www.wimcycle.com/product-category/sepeda-anak/page/5/index.html]
[www.wimcycle.com/sepeda/sepeda-mtb/index.html]
[www.wimcycle.com/sepeda/sepeda-mtb/feed/index.html]
[www.wimcycle.com/index601d.html]
[www.wimcycle.com/produk/sepeda-anak/mtb-vulcan-20/POST.html]
[www.wimcycle.com/index10d4.html]
[www.wimcycle.com/produk/sepeda-anak/mtb-trail-blazer-24/POST.html]
[www.wimcycle.com/index78ed.html]
[www.wimcycle.com/produk/sepeda-anak/20-mtb-trail-blazer/POST.html]
[www.wimcycle.com/sepeda/sepeda-lipat/index.html]
[www.wimcycle.com/sepeda/sepeda-lipat/feed/index.html]
[www.wimcycle.com/garansi/POST]
[www.wimcycle.com/dealer-sepeda-wimcycle/index.html]
[www.wimcycle.com/blog/page/2/index.html]
[www.wimcycle.com/wp-content/uploads/2024/02/MY24-VULCAN-BLACK-P-200x2007ac3.jpg]
[www.wimcycle.com/product-category/sepeda-anak/page/3/index.html]
[www.wimcycle.com/index0750.html]
[www.wimcycle.com/blog/page/2/index8a68.html]
[www.wimcycle.com/blog/page/2/indexe377.html]
[www.wimcycle.com/blog/page/2/index880d.html]
[www.wimcycle.com/blog/page/2/index034a.html]
[www.wimcycle.com/wp-json/wp/v2/posts/1515.json]
[www.wimcycle.com/wp-json/oembed/1.0/embed2290.json]
[www.wimcycle.com/wp-json/oembed/1.0/embedb166]
[www.wimcycle.com/wp-content/uploads/2020/12/IMG-20201207-WA0052-1200x6757ac3.jpg]
[www.wimcycle.com/wp-content/uploads/2020/12/EVENT-JOGJAArtboard-1-copy-2-800x8007ac3.jpg]
[www.wimcycle.com/wp-content/uploads/2020/12/EVENT-JOGJAArtboard-1-copy-3-800x8007ac3.jpg]
[www.wimcycle.com/wp-content/uploads/2020/12/EVENT-JOGJAArtboard-1-copy-4-800x8007ac3.jpg]
[www.wimcycle.com/wp-content/uploads/2020/12/EVENT-JOGJAArtboard-1-copy-800x8007ac3.jpg]
[www.wimcycle.com/wp-content/uploads/2020/12/EVENT-JOGJAArtboard-1-copy-6-800x8007ac3.jpg]
[www.wimcycle.com/wp-content/uploads/2020/12/EVENT-JOGJAArtboard-1-copy-9-800x8007ac3.jpg]
[www.wimcycle.com/blog/berkeliling-wisata-yogyakarta-rayakan-hari-jadi-pertama-komunitas-pocket-rocket/POST]
[www.wimcycle.com/blog/berkeliling-wisata-yogyakarta-rayakan-hari-jadi-pertama-komunitas-pocket-rocket/index.html]
[www.wimcycle.com/wp-content/uploads/2020/07/WEBSITE-2-1200x7937ac3.jpg]
[www.wimcycle.com/wp-content/uploads/2020/07/LIST-SEBELUM-BERSEPEDA_2-800x8007ac3.jpg]
[www.wimcycle.com/wp-content/uploads/2020/07/LIST-SEBELUM-BERSEPEDA_4-800x8007ac3.jpg]
[www.wimcycle.com/wp-content/uploads/2020/07/LIST-SEBELUM-BERSEPEDA_5-800x8007ac3.jpg]
[www.wimcycle.com/wp-content/uploads/2020/07/LIST-SEBELUM-BERSEPEDA_6-800x8007ac3.jpg]
[www.wimcycle.com/wp-content/uploads/2020/07/LIST-SEBELUM-BERSEPEDA_7-800x8007ac3.jpg]
[www.wimcycle.com/wp-content/uploads/2020/07/LIST-SEBELUM-BERSEPEDA_8-800x8007ac3.jpg]
[www.wimcycle.com/blog/perlengkapan-yang-perlu-di-persiapkan-sebelum-bersepeda/POST]
[www.wimcycle.com/blog/perlengkapan-yang-perlu-di-persiapkan-sebelum-bersepeda/index.html]
[www.wimcycle.com/wp-json/oembed/1.0/embedec52]
[www.wimcycle.com/wp-content/uploads/2020/09/COVER-DIY-BIKE-TAG-21-1200x7937ac3.jpg]
[www.wimcycle.com/wp-content/uploads/2020/09/BIKE-TAG-08-800x8007ac3.jpg]
[www.wimcycle.com/wp-content/uploads/2020/09/BIKE-TAG-07-800x8007ac3.jpg]
[www.wimcycle.com/wp-content/uploads/2020/09/BIKE-TAG-09-800x8007ac3.jpg]
[www.wimcycle.com/blog/asah-kreatifitas-anak-selama-school-from-home-sepeda-anak/POST]
[www.wimcycle.com/blog/asah-kreatifitas-anak-selama-school-from-home-sepeda-anak/index.html]
[www.wimcycle.com/promo/promo-sepeda-lipat-wimcycle-des2023/POST.html]
[www.wimcycle.com/index4114.html]
[www.wimcycle.com/wp-json/oembed/1.0/embedf494]
[www.wimcycle.com/wp-content/uploads/2020/09/COVER_TETAP-JAGA-STAMINA-1200x7937ac3.jpg]
[www.wimcycle.com/wp-content/uploads/2020/09/WEEK-2-08-1-1-800x8007ac3.jpg]
[www.wimcycle.com/wp-content/uploads/2020/09/WEEK-2-10-800x8007ac3.jpg]
[www.wimcycle.com/wp-content/uploads/2020/09/WEEK-2-11-800x8007ac3.jpg]
[www.wimcycle.com/wp-content/uploads/2020/09/WEEK-2-09-1-1-800x8007ac3.jpg]
[www.wimcycle.com/wp-content/uploads/2020/09/WEEK-2-12-800x8007ac3.jpg]
[www.wimcycle.com/blog/tetap-jaga-stamina-untuk-keluarga-dengan-menjaga-pola-hidup-sehat/POST]
[www.wimcycle.com/blog/tetap-jaga-stamina-untuk-keluarga-dengan-menjaga-pola-hidup-sehat/index.html]
[www.wimcycle.com/promo/lucky2wim-banyak-hadiah-di-akhir-tahun-2023/POST.html]
[www.wimcycle.com/index7967.html]
[www.wimcycle.com/produk/sepeda-lipat/20-pocket-rocket-x3/index.html]
[www.wimcycle.com/produk/sepeda-anak/bmx-big-foot-solid-series-20/index.html]
[www.wimcycle.com/produk/sepeda-anak/bmx-big-foot-solid-series-16/index.html]
[www.wimcycle.com/produk/sepeda-anak/20-shotgun/index.html]
[www.wimcycle.com/blog/perlengkapan-wajib-yang-harus-digunakan-saat-anak-bersepeda/POST.html]
[www.wimcycle.com/index2779.html]
[www.wimcycle.com/produk/sepeda-anak/20-bmx-yuna-steel-basket/index.html]
[www.wimcycle.com/produk/sepeda-anak/18-kids-clara/index.html]
[www.wimcycle.com/produk/aegyo-series/pocket-rocket-aegyo/index.html]
[www.wimcycle.com/produk/sepeda-anak/wimcycle-bugsy-girls/index.html]
[www.wimcycle.com/produk/sepeda-anak/16-kids-clara/index.html]
[www.wimcycle.com/wp-json/wp/v2/posts/1324.json]
[www.wimcycle.com/wp-json/oembed/1.0/embedb3cd.json]
[www.wimcycle.com/wp-json/oembed/1.0/embed2afd]
[www.wimcycle.com/wp-content/uploads/2020/09/COVER_CARA-MENGGUNAKAN-HELM-40-1200x4607ac3.jpg]
[www.wimcycle.com/wp-content/uploads/2020/09/CARA-MENGGUNAKAN-HELM-YANG-BENAR_1-800x8007ac3.jpg]
[www.wimcycle.com/wp-content/uploads/2020/09/CARA-MENGGUNAKAN-HELM-YANG-BENAR_2-800x8007ac3.jpg]
[www.wimcycle.com/wp-content/uploads/2020/09/CARA-MENGGUNAKAN-HELM-YANG-BENAR_3-800x8007ac3.jpg]
[www.wimcycle.com/wp-content/uploads/2020/09/CARA-MENGGUNAKAN-HELM-YANG-BENAR_4-800x8007ac3.jpg]
[www.wimcycle.com/wp-content/uploads/2020/09/CARA-MENGGUNAKAN-HELM-YANG-BENAR_5-800x8007ac3.jpg]
[www.wimcycle.com/blog/cara-menggunakan-helm-yang-benar-agar-tetap-aman/POST]
[www.wimcycle.com/blog/cara-menggunakan-helm-yang-benar-agar-tetap-aman/index.html]
[www.wimcycle.com/blog/manfaat-bermain-sepeda-pada-anak/POST.html]
[www.wimcycle.com/index1a2d.html]
[www.wimcycle.com/produk/sepeda-anak/bmx-big-foot-black-series-20/index.html]
[www.wimcycle.com/produk/sepeda-bmx/18-bmx-dragster/index.html]
[www.wimcycle.com/wp-json/oembed/1.0/embed93f8]
[www.wimcycle.com/wp-content/uploads/2022/12/rekomendasi-sepeda-anak-wimcycleCOVER7ac3.jpg]
[www.wimcycle.com/wp-content/uploads/2022/12/rekomendasi-sepeda-anak-wimcycle17ac3.jpg]
[www.wimcycle.com/wp-content/uploads/2022/12/rekomendasi-sepeda-anak-wimcycle27ac3.jpg]
[www.wimcycle.com/wp-content/uploads/2022/11/Sepeda-anak-Perempuan57ac3.jpg]
[www.wimcycle.com/wp-content/uploads/2022/11/Sepeda-anak-Perempuan47ac3.jpg]
[www.wimcycle.com/wp-content/uploads/2022/11/Sepeda-anak-Perempuan37ac3.jpg]
[www.wimcycle.com/wp-content/uploads/2022/11/sepeda-bmx-anak-wim97ac3.jpg]
[www.wimcycle.com/wp-content/uploads/2022/11/sepeda-bmx-anak-wim117ac3.jpg]
[www.wimcycle.com/wp-content/uploads/2022/11/sepeda-bmx-anak-wim107ac3.jpg]
[www.wimcycle.com/blog/rekomendasi-sepeda-anak-wimcycle/POST]
[www.wimcycle.com/blog/rekomendasi-sepeda-anak-wimcycle/index.html]
[www.wimcycle.com/wp-content/uploads/2020/12/WhatsApp-Image-2020-11-24-at-10.56.20-AM-1200x6757ac3.jpg]
[www.wimcycle.com/wp-content/uploads/2020/12/WhatsApp-Image-2020-11-24-at-10.56.20-AM2-17ac3.jpg]
[www.wimcycle.com/wp-content/uploads/2020/12/WhatsApp-Image-2020-11-24-at-10.56.20-AM1-800x4507ac3.jpg]
[www.wimcycle.com/blog/sumber-sepeda-sejahtera-makassar-dan-komunitas-pocket-rocket-adakan-gobar-jalin-silahturami/POST]
[www.wimcycle.com/blog/sumber-sepeda-sejahtera-makassar-dan-komunitas-pocket-rocket-adakan-gobar-jalin-silahturami/index.html]
[www.wimcycle.com/blog/webinar-bertalenta-aktif-potret-anak-masa-kini/index.html]
[www.wimcycle.com/blog/cara-merawat-sepeda-anak-agar-tahan-lama/POST.html]
[www.wimcycle.com/blog/page/3/index.html]
[www.wimcycle.com/blog/page/3/index6146.html]
[www.wimcycle.com/blog/page/3/indexe377.html]
[www.wimcycle.com/blog/page/3/index880d.html]
[www.wimcycle.com/blog/page/3/index034a.html]
[www.wimcycle.com/wp-json/wp/v2/posts/10812.json]
[www.wimcycle.com/wp-json/oembed/1.0/embed06ff.json]
[www.wimcycle.com/wp-json/oembed/1.0/embedaf4a]
[www.wimcycle.com/wp-content/uploads/2022/11/Jenis-sepeda-anak77ac3.jpg]
[www.wimcycle.com/wp-content/uploads/2022/11/Cara-memilih-sepeda-anak27ac3.jpg]
[www.wimcycle.com/wp-content/uploads/2022/11/Jenis-sepeda-anak27ac3.jpg]
[www.wimcycle.com/wp-content/uploads/2022/11/Cara-memilih-sepeda-anak37ac3.jpg]
[www.wimcycle.com/wp-content/uploads/2022/11/Cara-memilih-sepeda-anak127ac3.jpg]
[www.wimcycle.com/blog/kenali-jenis-jenis-sepeda-anak-berdasarkan-usia/POST]
[www.wimcycle.com/sepeda/sepeda-anak/wimcycle-bugsy-boys-12-inci/index.html]
[www.wimcycle.com/blog/kenali-jenis-jenis-sepeda-anak-berdasarkan-usia/index.html]
[www.wimcycle.com/sepeda/sepeda-anak/18-bmx-bigfoot/index.html]
[www.wimcycle.com/wp-json/wp/v2/posts/10700.json]
[www.wimcycle.com/wp-json/oembed/1.0/embed24ff.json]
[www.wimcycle.com/wp-json/oembed/1.0/embeda5a0]
[www.wimcycle.com/wp-content/uploads/2022/11/sepeda-bmx-anak-wimcover7ac3.jpg]
[www.wimcycle.com/wp-content/uploads/2022/11/sepeda-bmx-anak-wim17ac3.jpg]
[www.wimcycle.com/wp-content/uploads/2022/11/sepeda-bmx-anak-wim27ac3.jpg]
[www.wimcycle.com/wp-content/uploads/2022/11/sepeda-bmx-anak-wim37ac3.jpg]
[www.wimcycle.com/wp-content/uploads/2022/11/sepeda-bmx-anak-wim47ac3.jpg]
[www.wimcycle.com/wp-content/uploads/2022/11/sepeda-bmx-anak-wim57ac3.jpg]
[www.wimcycle.com/wp-content/uploads/2022/11/sepeda-bmx-anak-wim67ac3.jpg]
[www.wimcycle.com/wp-content/uploads/2022/11/sepeda-bmx-anak-wim77ac3.jpg]
[www.wimcycle.com/wp-content/uploads/2022/11/sepeda-bmx-anak-wim87ac3.jpg]
[www.wimcycle.com/blog/sepeda-bmx-anak-wimcycle-spesifikasi-dan-harga/POST]
[www.wimcycle.com/blog/sepeda-bmx-anak-wimcycle-spesifikasi-dan-harga/index.html]
[www.wimcycle.com/wp-json/oembed/1.0/embed9688]
[www.wimcycle.com/wp-content/uploads/2022/11/Cara-memilih-sepeda-anakcover7ac3.jpg]
[www.wimcycle.com/wp-content/uploads/2022/11/Cara-memilih-sepeda-anak17ac3.jpg]
[www.wimcycle.com/wp-content/uploads/2022/11/Cara-memilih-sepeda-anak47ac3.jpg]
[www.wimcycle.com/wp-content/uploads/2022/11/Cara-memilih-sepeda-anak57ac3.jpg]
[www.wimcycle.com/wp-content/uploads/2022/11/Cara-memilih-sepeda-anak67ac3.jpg]
[www.wimcycle.com/wp-content/uploads/2022/11/Cara-memilih-sepeda-anak77ac3.jpg]
[www.wimcycle.com/wp-content/uploads/2022/11/Cara-memilih-sepeda-anak87ac3.jpg]
[www.wimcycle.com/wp-content/uploads/2022/11/Cara-memilih-sepeda-anak97ac3.jpg]
[www.wimcycle.com/wp-content/uploads/2022/11/Cara-memilih-sepeda-anak117ac3.jpg]
[www.wimcycle.com/wp-content/uploads/2022/11/Cara-memilih-sepeda-anak107ac3.jpg]
[www.wimcycle.com/sepeda/sepeda-anak/18-kids-clara/index.html]
[www.wimcycle.com/blog/cara-memilih-sepeda-anak-yang-tepat/POST]
[www.wimcycle.com/blog/cara-memilih-sepeda-anak-yang-tepat/index.html]
[www.wimcycle.com/sepeda/sepeda-anak/20-bmx-yuna-steel-basket/index.html]
[www.wimcycle.com/wp-json/wp/v2/posts/10608.json]
[www.wimcycle.com/wp-json/oembed/1.0/embed0cf2]
[www.wimcycle.com/wp-content/uploads/2022/11/Sepeda-anak-Perempuan27ac3.jpg]
[www.wimcycle.com/blog/sepeda-anak-perempuan-wimcycle-spesifikasi-dan-harga/POST]
[www.wimcycle.com/sepeda/sepeda-anak/16-kids-clara/index.html]
[www.wimcycle.com/blog/sepeda-anak-perempuan-wimcycle-spesifikasi-dan-harga/index.html]
[www.wimcycle.com/sepeda/sepeda-anak/16-bmx-big-foot/index.html]
[www.wimcycle.com/sepeda/sepeda-anak/wimcycle-bugsy-girls/index.html]
[www.wimcycle.com/sepeda/sepeda-anak/20-kids-yuna/index.html]
[www.wimcycle.com/blog/indexa595.html]
[www.wimcycle.com/blog/page/4/index.html]
[www.wimcycle.com/blog/page/4/index8a68.html]
[www.wimcycle.com/blog/page/4/index6146.html]
[www.wimcycle.com/blog/page/4/index880d.html]
[www.wimcycle.com/blog/page/4/index034a.html]
[www.wimcycle.com/wp-json/wp/v2/posts/5017.json]
[www.wimcycle.com/wp-json/oembed/1.0/embed3cb5.json]
[www.wimcycle.com/wp-json/oembed/1.0/embed2d34]
[www.wimcycle.com/blog/kunjungi-event-kami-di-push-bike-cirebon/POST]
[www.wimcycle.com/blog/kunjungi-event-kami-di-push-bike-cirebon/index.html]
[www.wimcycle.com/wp-content/uploads/2021/12/MicrosoftTeams-image-1717ac3.jpg]
[www.wimcycle.com/blog/kunjungi-kami-di-event-push-bike-jakarta/POST.274.delayed]
[www.wimcycle.com/blog/kunjungi-kami-di-event-push-bike-jakarta/index.html]
[www.wimcycle.com/wp-json/oembed/1.0/embed5920.json]
[www.wimcycle.com/wp-json/oembed/1.0/embed1a78]
[www.wimcycle.com/wp-content/uploads/2021/06/dealer-wimcycle7ac3.jpg]
[www.wimcycle.com/blog/dealer-resmi-wimcycle/POST]
[www.wimcycle.com/blog/dealer-resmi-wimcycle/index.html]
[www.wimcycle.com/wp-content/uploads/2021/08/HEBOHNYA-BELAJAR-SEPEDA_WEB-ARTIKEL-1200x6337ac3.jpg]
[www.wimcycle.com/blog/ikuti-lomba-video-hebohnya-belajar-sepeda/POST.27e.delayed]
[www.wimcycle.com/blog/ikuti-lomba-video-hebohnya-belajar-sepeda/index.html]
[www.wimcycle.com/wp-json/oembed/1.0/embed9dd6]
[www.wimcycle.com/wp-content/uploads/2021/04/MicrosoftTeams-image-97-1200x6327ac3.jpg]
[www.wimcycle.com/wp-content/uploads/2021/04/MicrosoftTeams-image-92-800x4517ac3.jpg]
[www.wimcycle.com/blog/gebyar-pocket-rocket/POST]
[www.wimcycle.com/blog/gebyar-pocket-rocket/index.html]
[www.wimcycle.com/blog/page/5/index.html]
[www.wimcycle.com/product/20-folding-pocket-rocket-2/index.html]
[www.wimcycle.com/wp-json/wp/v2/posts/1401.json]
[www.wimcycle.com/blog/page/5/index8a68.html]
[www.wimcycle.com/wp-json/oembed/1.0/embed7df6.json]
[www.wimcycle.com/blog/page/5/index034a.html]
[www.wimcycle.com/wp-json/oembed/1.0/embed2451]
[www.wimcycle.com/wp-content/uploads/2020/10/COVER-03-1200x7937ac3.jpg]
[www.wimcycle.com/wp-content/uploads/2020/10/WEEK-2-15-1-800x8007ac3.jpg]
[www.wimcycle.com/wp-content/uploads/2020/10/WEEK-2-16-1-800x8007ac3.jpg]
[www.wimcycle.com/wp-content/uploads/2020/10/WEEK-2-17-800x8007ac3.jpg]
[www.wimcycle.com/wp-content/uploads/2020/10/WEEK-2-18-1-800x8007ac3.jpg]
[www.wimcycle.com/wp-content/uploads/2020/10/WEEK-2-19-800x8007ac3.jpg]
[www.wimcycle.com/blog/ide-kado-ulang-tahun-yang-bikin-happy/POST]
[www.wimcycle.com/blog/ide-kado-ulang-tahun-yang-bikin-happy/index.html]
[www.wimcycle.com/wp-content/uploads/2020/09/COVER-ISYARAT-TANGAN-SAAT-BERSEPEDA-1200x7937ac3.jpg]
[www.wimcycle.com/wp-content/uploads/2020/09/ISYARAT-TANGAN-SAAT-BERSEPEDA_2-800x8007ac3.jpg]
[www.wimcycle.com/wp-content/uploads/2020/09/ISYARAT-TANGAN-SAAT-BERSEPEDA_1-800x8007ac3.jpg]
[www.wimcycle.com/wp-content/uploads/2020/09/ISYARAT-TANGAN-SAAT-BERSEPEDA_3-800x8007ac3.jpg]
[www.wimcycle.com/blog/ketahuilah-isyarat-tangan-saat-bersepeda-agar-aman-di-jalan/POST]
[www.wimcycle.com/blog/ketahuilah-isyarat-tangan-saat-bersepeda-agar-aman-di-jalan/index.html]
[www.wimcycle.com/wp-json/oembed/1.0/embed8bb0]
[www.wimcycle.com/wp-content/uploads/2020/09/COVER-60-DETIK-1200x7937ac3.jpg]
[www.wimcycle.com/wp-content/uploads/2020/09/60-DETIK_1-800x8007ac3.jpg]
[www.wimcycle.com/wp-content/uploads/2020/09/60-DETIK_2-800x8007ac3.jpg]
[www.wimcycle.com/wp-content/uploads/2020/09/60-DETIK_3-800x8007ac3.jpg]
[www.wimcycle.com/wp-content/uploads/2020/09/60-DETIK_4-800x8007ac3.jpg]
[www.wimcycle.com/wp-content/uploads/2020/09/60-DETIK_5-800x8007ac3.jpg]
[www.wimcycle.com/blog/60-detik-sebelum-bersepeda-cek-5-hal-berikut/POST]
[www.wimcycle.com/blog/60-detik-sebelum-bersepeda-cek-5-hal-berikut/index.html]
[www.wimcycle.com/blog/page/6/index.html]
[www.wimcycle.com/blog/page/6/indexe377.html]
[www.wimcycle.com/wp-json/wp/v2/posts/1341.json]
[www.wimcycle.com/blog/page/6/index880d.html]
[www.wimcycle.com/wp-json/oembed/1.0/embed687e.json]
[www.wimcycle.com/wp-json/oembed/1.0/embed3ba2]
[www.wimcycle.com/wp-content/uploads/2020/09/SFH_HOMEPAGE-1200x6327ac3.jpg]
[www.wimcycle.com/blog/ceritakan-pengalaman-menarik-selama-school-from-home-dan-dapatkan-hadiahnya/POST]
[www.wimcycle.com/blog/ceritakan-pengalaman-menarik-selama-school-from-home-dan-dapatkan-hadiahnya/index.html]
[www.wimcycle.com/wp-json/oembed/1.0/embed8834]
[www.wimcycle.com/wp-content/uploads/2020/07/COVER-SI-KECIL-KECANDUAN-GADGET-1200x7937ac3.jpg]
[www.wimcycle.com/wp-content/uploads/2020/07/WEBSITE-22-800x5297ac3.jpg]
[www.wimcycle.com/wp-content/uploads/2020/07/WEBSITE-23-800x5297ac3.jpg]
[www.wimcycle.com/wp-content/uploads/2020/07/WEBSITE-24-800x5297ac3.jpg]
[www.wimcycle.com/blog/kecanduan-gadget-yuk-kenalkan-dengan-permainan-tradisional-sepeda-anak/POST]
[www.wimcycle.com/blog/kecanduan-gadget-yuk-kenalkan-dengan-permainan-tradisional-sepeda-anak/index.html]
[www.wimcycle.com/wp-content/uploads/2020/07/WEBSITE-1-1-1200x7937ac3.jpg]
[www.wimcycle.com/wp-content/uploads/2020/07/WEEK-3-04-800x8007ac3.jpg]
[www.wimcycle.com/wp-content/uploads/2020/07/WEEK-3-05-800x8007ac3.jpg]
[www.wimcycle.com/wp-content/uploads/2020/07/WEEK-3-06-800x8007ac3.jpg]
[www.wimcycle.com/wp-content/uploads/2020/07/WEEK-3-07-800x8007ac3.jpg]
[www.wimcycle.com/manfaat-bersepeda-untuk-sepeda-anak/index.html]
[www.wimcycle.com/tips/4-kegiatan-untuk-menghabiskan-waktu-bersama-keluarga/POST]
[www.wimcycle.com/tips/4-kegiatan-untuk-menghabiskan-waktu-bersama-keluarga/index.html]
[www.wimcycle.com/wp-content/uploads/2020/06/Keluarga-Sepedaan-1200x7937ac3.jpg]
[www.wimcycle.com/blog/manfaat-bersepeda-untuk-sepeda-anak/POST.2bb.delayed]
[www.wimcycle.com/blog/manfaat-bersepeda-untuk-sepeda-anak/index.html]
[www.wimcycle.com/promo/feed/index.html]
[www.wimcycle.com/uncategorized/feed/index.html]
[www.wimcycle.com/index19f9.html]
[www.wimcycle.com/index2910.html]
[www.wimcycle.com/produk/sepeda-anak/20-bmx-dragster-goal/POST.html]
[www.wimcycle.com/indexe490.html]
[www.wimcycle.com/produk/sepeda-bmx/bmx-firebird-20-2125/POST.html]
[www.wimcycle.com/indexa0af.html]
[www.wimcycle.com/produk/sepeda-anak/shotgun-doom-20/POST.html]
[www.wimcycle.com/produk/sepeda-anak/bmx-big-foot-road-20/POST.html]
[www.wimcycle.com/index5b08.html]
[www.wimcycle.com/produk/sepeda-anak/wimcycle-bugsy-balita/POST.html]
[www.wimcycle.com/product-category/ctb/index.html]
[www.wimcycle.com/product-category/ctb/feed/index.html]
[www.wimcycle.com/index9787.html]
[www.wimcycle.com/history/POST.html]
[www.wimcycle.com/wp-content/uploads/2022/01/Artboard-87ac3.jpg]
[www.wimcycle.com/event/feed/index.html]
[www.wimcycle.com/index4579.html]
[www.wimcycle.com/karir/POST.html]
[www.wimcycle.com/wp-json/wp/v2/pages/52]
[www.wimcycle.com/event/event-push-bike-cirebon/index.html]
[www.wimcycle.com/produk/page/2/index880d.html]
[www.wimcycle.com/produk/page/2/index8a68.html]
[www.wimcycle.com/produk/page/2/index034a.html]
[www.wimcycle.com/produk/page/2/indexe377.html]
[www.wimcycle.com/index058f.html]
[www.wimcycle.com/produk/page/2/index6146.html]
[www.wimcycle.com/produk/page/2/indexd93f.html]
[www.wimcycle.com/produk/sepeda-anak/push-bike-gomy/POST.html]
[www.wimcycle.com/index4220.html]
[www.wimcycle.com/produk/sepeda-anak/16-bmx-dragster-goal/POST.html]
[www.wimcycle.com/indexd241.html]
[www.wimcycle.com/produk/sepeda-anak/beckman-elco-20/POST.html]
[www.wimcycle.com/index7e44.html]
[www.wimcycle.com/produk/ctb/canary-16/POST.html]
[www.wimcycle.com/index64f5.html]
[www.wimcycle.com/produk/sepeda-anak/18-bmx-dragster-goal/POST.html]
[www.wimcycle.com/produk/page/3/indexa595.html]
[www.wimcycle.com/produk/page/3/index6146.html]
[www.wimcycle.com/produk/page/3/indexe377.html]
[www.wimcycle.com/produk/indexd93f.html]
[www.wimcycle.com/produk/page/7/index.html]
[www.wimcycle.com/produk/page/3/index880d.html]
[www.wimcycle.com/produk/page/3/index034a.html]
[www.wimcycle.com/index8f79.html]
[www.wimcycle.com/produk/sepeda-anak/beckman-elco-16/POST.html]
[www.wimcycle.com/produk/page/4/indexa595.html]
[www.wimcycle.com/produk/page/4/index6146.html]
[www.wimcycle.com/produk/page/3/index8a68.html]
[www.wimcycle.com/produk/page/4/index8a68.html]
[www.wimcycle.com/produk/page/4/index880d.html]
[www.wimcycle.com/produk/page/4/index034a.html]
[www.wimcycle.com/index4a67.html]
[www.wimcycle.com/produk/sepeda-anak/neo-12/POST.html]
[www.wimcycle.com/indexe6ae.html]
[www.wimcycle.com/produk/sepeda-bmx/bmx-shotgun-doom-16/POST.html]
[www.wimcycle.com/indexc0da.html]
[www.wimcycle.com/produk/sepeda-anak/thrahser-x2-20/POST.html]
[www.wimcycle.com/index645e.html]
[www.wimcycle.com/produk/sepeda-anak/maxxis-20/POST.html]
[www.wimcycle.com/index1cd9.html]
[www.wimcycle.com/produk/sepeda-anak/bronco-burn-16/POST.html]
[www.wimcycle.com/produk/page/5/indexa595.html]
[www.wimcycle.com/produk/page/5/index6146.html]
[www.wimcycle.com/produk/page/3/indexd93f.html]
[www.wimcycle.com/produk/page/5/index8a68.html]
[www.wimcycle.com/produk/page/5/indexe377.html]
[www.wimcycle.com/produk/page/5/index034a.html]
[www.wimcycle.com/indexec1e.html]
[www.wimcycle.com/produk/sepeda-anak/bronco-burn-20/POST.html]
[www.wimcycle.com/index6af0.html]
[www.wimcycle.com/produk/sepeda-anak/big-foot-cafe-16/POST.html]
[www.wimcycle.com/index9473.html]
[www.wimcycle.com/produk/sepeda-anak/big-foot-cafe-20/POST.html]
[www.wimcycle.com/index8cd7.html]
[www.wimcycle.com/produk/sepeda-anak/bmx-big-foot-road-16/POST.html]
[www.wimcycle.com/indexa417.html]
[www.wimcycle.com/produk/sepeda-anak/bmx-big-foot-road-18/POST.html]
[www.wimcycle.com/index499a.html]
[www.wimcycle.com/produk/ctb/seona-24/POST.html]
[www.wimcycle.com/produk/page/6/indexa595.html]
[www.wimcycle.com/produk/page/6/index6146.html]
[www.wimcycle.com/produk/page/6/index8a68.html]
[www.wimcycle.com/produk/page/4/indexd93f.html]
[www.wimcycle.com/produk/page/6/indexe377.html]
[www.wimcycle.com/produk/page/6/index880d.html]
[www.wimcycle.com/index6199.html]
[www.wimcycle.com/produk/sepeda-bmx/bmx-firebird-20-26/POST.html]
[www.wimcycle.com/sepeda/sepeda-bmx/page/3/index.html]
[www.wimcycle.com/sepeda/sepeda-bmx/page/4/index.html]
[www.wimcycle.com/sepeda/sepeda-anak/page/2/index.html]
[www.wimcycle.com/sepeda/sepeda-anak/feed/index.html]
[www.wimcycle.com/product-category/sepeda-anak/page/3/index.html]
[www.wimcycle.com/produk/page/5/index880d.html]
[www.wimcycle.com/produk/page/5/indexd93f.html]
[www.wimcycle.com/produk/page/6/indexd93f.html]
[www.wimcycle.com/blog/page/2/indexa595.html]
[www.wimcycle.com/blog/page/2/index8a68.html]
[www.wimcycle.com/blog/page/2/index6146.html]
[www.wimcycle.com/blog/page/2/indexe377.html]
[www.wimcycle.com/blog/page/2/index880d.html]
[www.wimcycle.com/blog/page/2/index034a.html]
[www.wimcycle.com/index5002.html]
[www.wimcycle.com/blog/berkeliling-wisata-yogyakarta-rayakan-hari-jadi-pertama-komunitas-pocket-rocket/POST.html]
[www.wimcycle.com/index4192.html]
[www.wimcycle.com/blog/perlengkapan-yang-perlu-di-persiapkan-sebelum-bersepeda/POST.html]
[www.wimcycle.com/indexd201.html]
[www.wimcycle.com/wp-json/wp/v2/posts/1008]
[www.wimcycle.com/product/20-bmx-thrasher/index.html]
[www.wimcycle.com/blog/asah-kreatifitas-anak-selama-school-from-home-sepeda-anak/POST.html]
[www.wimcycle.com/wp-json/oembed/1.0/embedc45f]
[www.wimcycle.com/blog/tetap-jaga-stamina-untuk-keluarga-dengan-menjaga-pola-hidup-sehat/POST.html]
[www.wimcycle.com/wp-json/oembed/1.0/embed1a0b]
[www.wimcycle.com/wp-json/oembed/1.0/embedf1a5]
[www.wimcycle.com/indexc1cc.html]
[www.wimcycle.com/blog/cara-menggunakan-helm-yang-benar-agar-tetap-aman/POST.html]
[www.wimcycle.com/produk/sepeda-anak/wimcycle-bugsy-boys-12-inci/index.html]
[www.wimcycle.com/blog/dapatkan-garansi-sepeda-wimcycle-dengan-mendaftarkan-nomor-frame/index.html]
[www.wimcycle.com/index7e58.html]
[www.wimcycle.com/blog/rekomendasi-sepeda-anak-wimcycle/POST.html]
[www.wimcycle.com/indexf937.html]
[www.wimcycle.com/wp-json/wp/v2/posts/10949]
[www.wimcycle.com/wp-json/oembed/1.0/embed1aea]
[www.wimcycle.com/blog/sumber-sepeda-sejahtera-makassar-dan-komunitas-pocket-rocket-adakan-gobar-jalin-silahturami/POST.html]
[www.wimcycle.com/blog/page/3/indexa595.html]
[www.wimcycle.com/blog/page/3/index6146.html]
[www.wimcycle.com/wp-json/wp/v2/posts/1506]
[www.wimcycle.com/wp-json/oembed/1.0/embed3713]
[www.wimcycle.com/wp-json/oembed/1.0/embed31d1]
[www.wimcycle.com/blog/page/3/indexe377.html]
[www.wimcycle.com/blog/page/3/index880d.html]
[www.wimcycle.com/blog/page/3/index034a.html]
[www.wimcycle.com/index79e4.html]
[www.wimcycle.com/sepeda/sepeda-anak/wimcycle-bugsy-boys-12-inci/index.html]
[www.wimcycle.com/sepeda/sepeda-anak/18-bmx-bigfoot/index.html]
[www.wimcycle.com/sepeda/sepeda-bmx/20-bmx-dragster/index.html]
[www.wimcycle.com/sepeda/sepeda-anak/20-bmx-thrasher/index.html]
[www.wimcycle.com/blog/kenali-jenis-jenis-sepeda-anak-berdasarkan-usia/POST.html]
[www.wimcycle.com/indexf74e.html]
[www.wimcycle.com/sepeda/sepeda-bmx/18-bmx-dragster/index.html]
[www.wimcycle.com/blog/sepeda-bmx-anak-wimcycle-spesifikasi-dan-harga/POST.html]
[www.wimcycle.com/index96ad.html]
[www.wimcycle.com/blog/page/3/index8a68.html]
[www.wimcycle.com/sepeda/sepeda-anak/18-kids-clara/index.html]
[www.wimcycle.com/sepeda/sepeda-anak/20-bmx-yuna-steel-basket/index.html]
[www.wimcycle.com/wp-json/oembed/1.0/embed64d0]
[www.wimcycle.com/sepeda/sepeda-anak/18-kids-yuna/index.html]
[www.wimcycle.com/sepeda/sepeda-anak/20-bmx-bigfoot/index.html]
[www.wimcycle.com/blog/cara-memilih-sepeda-anak-yang-tepat/POST.html]
[www.wimcycle.com/wp-json/wp/v2/posts/10624]
[www.wimcycle.com/sepeda/sepeda-anak/20-shotgun/index.html]
[www.wimcycle.com/sepeda/sepeda-anak/16-bmx-big-foot/index.html]
[www.wimcycle.com/sepeda/sepeda-anak/wimcycle-bugsy-girls/index.html]
[www.wimcycle.com/sepeda/sepeda-anak/20-kids-yuna/index.html]
[www.wimcycle.com/sepeda/sepeda-anak/16-kids-clara/index.html]
[www.wimcycle.com/blog/sepeda-anak-perempuan-wimcycle-spesifikasi-dan-harga/POST.html]
[www.wimcycle.com/wp-content/uploads/2022/11/Sepeda-anak-Perempuan17ac3.jpg]
[www.wimcycle.com/wp-content/uploads/2022/11/Sepeda-anak-Perempuan1-467x3507ac3.jpg]
[www.wimcycle.com/wp-json/oembed/1.0/embed6351]
[www.wimcycle.com/blog/page/4/indexa595.html]
[www.wimcycle.com/blog/page/4/index6146.html]
[www.wimcycle.com/blog/page/4/index8a68.html]
[www.wimcycle.com/blog/page/4/index880d.html]
[www.wimcycle.com/blog/page/4/index034a.html]
[www.wimcycle.com/index3179.html]
[www.wimcycle.com/blog/kunjungi-event-kami-di-push-bike-cirebon/POST.html]
[www.wimcycle.com/blog/page/4/indexe377.html]
[www.wimcycle.com/indexa2f1.html]
[www.wimcycle.com/wp-json/wp/v2/posts/4559]
[www.wimcycle.com/wp-json/oembed/1.0/embedcbbe]
[www.wimcycle.com/blog/kunjungi-kami-di-event-push-bike-jakarta/POST.html]
[www.wimcycle.com/index3d4f.html]
[www.wimcycle.com/blog/dealer-resmi-wimcycle/POST.html]
[www.wimcycle.com/index757e.html]
[www.wimcycle.com/wp-json/oembed/1.0/embed41e1]
[www.wimcycle.com/blog/sepeda-anak-wimcycle/index.html]
[www.wimcycle.com/wp-json/wp/v2/posts/2587]
[www.wimcycle.com/blog/ikuti-lomba-video-hebohnya-belajar-sepeda/POST.html]
[www.wimcycle.com/index3ba2.html]
[www.wimcycle.com/wp-json/oembed/1.0/embedda9c]
[www.wimcycle.com/product/20-folding-pocket-rocket-2/index.html]
[www.wimcycle.com/blog/gebyar-pocket-rocket/POST.html]
[www.wimcycle.com/wp-content/uploads/2021/08/HEBOHNYA-BELAJAR-SEPEDA_WEB-ARTIKEL-664x3507ac3.jpg]
[www.wimcycle.com/wp-json/oembed/1.0/embed2e82]
[www.wimcycle.com/wp-json/wp/v2/posts/1943]
[www.wimcycle.com/blog/page/5/index8a68.html]
[www.wimcycle.com/blog/page/5/index6146.html]
[www.wimcycle.com/blog/page/5/index034a.html]
[www.wimcycle.com/index8e8b.html]
[www.wimcycle.com/blog/ide-kado-ulang-tahun-yang-bikin-happy/POST.html]
[www.wimcycle.com/blog/page/5/index880d.html]
[www.wimcycle.com/wp-json/wp/v2/posts/1358]
[www.wimcycle.com/blog/page/5/indexe377.html]
[www.wimcycle.com/blog/ketahuilah-isyarat-tangan-saat-bersepeda-agar-aman-di-jalan/POST.html]
[www.wimcycle.com/indexb140.html]
[www.wimcycle.com/wp-json/oembed/1.0/embed3d92]
[www.wimcycle.com/blog/60-detik-sebelum-bersepeda-cek-5-hal-berikut/POST.html]
[www.wimcycle.com/wp-json/oembed/1.0/embed8abd]
[www.wimcycle.com/blog/page/6/index6146.html]
[www.wimcycle.com/blog/page/6/indexe377.html]
[www.wimcycle.com/blog/page/6/index880d.html]
[www.wimcycle.com/index42a6.html]
[www.wimcycle.com/blog/ceritakan-pengalaman-menarik-selama-school-from-home-dan-dapatkan-hadiahnya/POST.html]
[www.wimcycle.com/wp-json/oembed/1.0/embed6b0b]
[www.wimcycle.com/indexc90a.html]
[www.wimcycle.com/blog/page/6/index034a.html]
[www.wimcycle.com/blog/kecanduan-gadget-yuk-kenalkan-dengan-permainan-tradisional-sepeda-anak/POST.html]
[www.wimcycle.com/indexc141.html]
[www.wimcycle.com/wp-json/oembed/1.0/embed2d2b]
[www.wimcycle.com/manfaat-bersepeda-untuk-sepeda-anak/index.html]
[www.wimcycle.com/tips/4-kegiatan-untuk-menghabiskan-waktu-bersama-keluarga/POST.html]
[www.wimcycle.com/blog/peran-penting-orang-tua-dalam-pertumbuhan-anak/index.html]
[www.wimcycle.com/wp-json/wp/v2/posts/1082]
[www.wimcycle.com/index7f9a.html]
[www.wimcycle.com/wp-json/oembed/1.0/embed326d]
[www.wimcycle.com/blog/manfaat-bersepeda-untuk-sepeda-anak/POST.html]
[www.wimcycle.com/wp-json/wp/v2/posts/720]
[www.wimcycle.com/wp-json/oembed/1.0/embedc739]
[www.wimcycle.com/wp-json/oembed/1.0/embed08ee]
[www.wimcycle.com/tips/feed/index.html]
[www.wimcycle.com/sepeda/ctb/index.html]
[www.wimcycle.com/wp-json/oembed/1.0/embed944c.json]
[www.wimcycle.com/sepeda/ctb/feed/index.html]
[www.wimcycle.com/wp-json/oembed/1.0/embed587e]
[www.wimcycle.com/event/event-push-bike-cirebon/POST]
[www.wimcycle.com/event/event-push-bike-cirebon/index.html]
[www.wimcycle.com/produk/page/2/indexa595.html]
[www.wimcycle.com/produk/page/2/index8a68.html]
[www.wimcycle.com/produk/page/2/indexe377.html]
[www.wimcycle.com/produk/page/2/index6146.html]
[www.wimcycle.com/produk/page/2/indexd93f.html]
[www.wimcycle.com/produk/page/7/index.html]
[www.wimcycle.com/produk/page/7/index6146.html]
[www.wimcycle.com/produk/page/7/index8a68.html]
[www.wimcycle.com/produk/page/7/indexe377.html]
[www.wimcycle.com/produk/indexd93f.html]
[www.wimcycle.com/produk/page/3/index8a68.html]
[www.wimcycle.com/produk/page/3/indexd93f.html]
[www.wimcycle.com/produk/page/7/index034a.html]
[www.wimcycle.com/produk/page/7/index880d.html]
[www.wimcycle.com/produk/page/4/indexd93f.html]
[www.wimcycle.com/produk/page/5/index880d.html]
[www.wimcycle.com/produk/page/5/indexd93f.html]
[www.wimcycle.com/produk/page/6/indexd93f.html]
[www.wimcycle.com/produk/sepeda-anak/indexa595.html]
[www.wimcycle.com/sepeda/sepeda-anak/page/4/index.html]
[www.wimcycle.com/sepeda/sepeda-anak/page/5/index.html]
[www.wimcycle.com/produk/page/4/indexe377.html]
[www.wimcycle.com/blog/page/2/index6146.html]
[www.wimcycle.com/wp-json/oembed/1.0/embed948f]
[www.wimcycle.com/indexee0c.html]
[www.wimcycle.com/produk/sepeda-anak/wimcycle-bugsy-boys-12-inci/index.html]
[www.wimcycle.com/wp-json/wp/v2/posts/1299]
[www.wimcycle.com/wp-json/wp/v2/posts/1364]
[www.wimcycle.com/wp-json/wp/v2/posts/1316.json]
[www.wimcycle.com/wp-json/oembed/1.0/embed5a11.json]
[www.wimcycle.com/wp-json/oembed/1.0/embed8504]
[www.wimcycle.com/wp-content/uploads/2020/09/COVER-PENDAFTARAN-SEPEDA-1200x7937ac3.jpg]
[www.wimcycle.com/wp-content/uploads/2020/09/DAFTARKAN-SEPEDA-05-800x3897ac3.jpg]
[www.wimcycle.com/wp-content/uploads/2020/09/DAFTARKAN-SEPEDA-06-800x3367ac3.jpg]
[www.wimcycle.com/wp-content/uploads/2020/09/DAFTARKAN-SEPEDA-07-800x6167ac3.jpg]
[www.wimcycle.com/blog/dapatkan-garansi-sepeda-wimcycle-dengan-mendaftarkan-nomor-frame/POST]
[www.wimcycle.com/blog/dapatkan-garansi-sepeda-wimcycle-dengan-mendaftarkan-nomor-frame/index.html]
[www.wimcycle.com/index1dd9.html]
[www.wimcycle.com/blog/page/3/index8a68.html]
[www.wimcycle.com/sepeda/sepeda-anak/20-shotgun/index.html]
[www.wimcycle.com/indexd6f5.html]
[www.wimcycle.com/blog/page/4/indexe377.html]
[www.wimcycle.com/wp-json/oembed/1.0/embed7627]
[www.wimcycle.com/wp-content/uploads/2021/10/MicrosoftTeams-image-1467ac3.jpg]
[www.wimcycle.com/wp-content/uploads/2021/10/MicrosoftTeams-image-1387ac3.jpg]
[www.wimcycle.com/wp-content/uploads/2021/10/MicrosoftTeams-image-1397ac3.jpg]
[www.wimcycle.com/wp-content/uploads/2021/10/MicrosoftTeams-image-1447ac3.jpg]
[www.wimcycle.com/wp-content/uploads/2021/10/MicrosoftTeams-image-1377ac3.jpg]
[www.wimcycle.com/wp-content/uploads/2021/07/3Artboard-3Button7ac3.png]
[www.wimcycle.com/blog/sepeda-anak-wimcycle/POST]
[www.wimcycle.com/blog/sepeda-anak-wimcycle/index.html]
[www.wimcycle.com/wp-content/uploads/2021/10/MicrosoftTeams-image-146-669x3507ac3.jpg]
[www.wimcycle.com/blog/page/5/indexa595.html]
[www.wimcycle.com/blog/page/5/index6146.html]
[www.wimcycle.com/blog/page/5/index880d.html]
[www.wimcycle.com/blog/page/5/indexe377.html]
[www.wimcycle.com/index1da8.html]
[www.wimcycle.com/blog/page/6/indexa595.html]
[www.wimcycle.com/blog/page/6/index6146.html]
[www.wimcycle.com/blog/page/6/index034a.html]
[www.wimcycle.com/wp-json/wp/v2/posts/1097.json]
[www.wimcycle.com/blog/page/6/index8a68.html]
[www.wimcycle.com/wp-json/oembed/1.0/embed3401.json]
[www.wimcycle.com/wp-json/oembed/1.0/embedc191]
[www.wimcycle.com/wp-content/uploads/2020/07/COVER-PERAN-PENTING-1200x7937ac3.jpg]
[www.wimcycle.com/wp-content/uploads/2020/07/WEEK-3-11-800x8007ac3.jpg]
[www.wimcycle.com/wp-content/uploads/2020/07/WEEK-3-04-1-800x8007ac3.jpg]
[www.wimcycle.com/wp-content/uploads/2020/07/WEEK-3-05-1-800x8007ac3.jpg]
[www.wimcycle.com/wp-content/uploads/2020/07/WEEK-3-07-1-800x8007ac3.jpg]
[www.wimcycle.com/wp-content/uploads/2020/07/WEEK-3-03-1-800x8007ac3.jpg]
[www.wimcycle.com/blog/peran-penting-orang-tua-dalam-pertumbuhan-anak/POST]
[www.wimcycle.com/blog/peran-penting-orang-tua-dalam-pertumbuhan-anak/index.html]
[www.wimcycle.com/tips/feed/index.html]
[www.wimcycle.com/sepeda/ctb/index.html]
[www.wimcycle.com/sepeda/ctb/feed/index.html]
[www.wimcycle.com/indexe389.html]
[www.wimcycle.com/event/event-push-bike-cirebon/POST.html]
[www.wimcycle.com/produk/page/7/indexa595.html]
[www.wimcycle.com/produk/page/7/index6146.html]
[www.wimcycle.com/produk/page/7/index8a68.html]
[www.wimcycle.com/produk/page/7/indexe377.html]
[www.wimcycle.com/produk/page/7/index880d.html]
[www.wimcycle.com/produk/page/7/index034a.html]
[www.wimcycle.com/produk/page/4/indexe377.html]
[www.wimcycle.com/sepeda/sepeda-anak/page/3/index.html]
[www.wimcycle.com/index29f2.html]
[www.wimcycle.com/blog/dapatkan-garansi-sepeda-wimcycle-dengan-mendaftarkan-nomor-frame/POST.html]
[www.wimcycle.com/produk/page/7/indexd93f.html]
[www.wimcycle.com/indexa66f.html]
[www.wimcycle.com/wp-json/wp/v2/posts/3736]
[www.wimcycle.com/product/indexc630.html]
[www.wimcycle.com/product/index1159.html]
[www.wimcycle.com/blog/sepeda-anak-wimcycle/POST.html]
[www.wimcycle.com/wp-json/wp/v2/posts/2626]
[www.wimcycle.com/wp-json/oembed/1.0/embed0caa]
[www.wimcycle.com/wp-json/wp/v2/posts/1349]
[www.wimcycle.com/blog/page/6/index8a68.html]
[www.wimcycle.com/index21fb.html]
[www.wimcycle.com/blog/peran-penting-orang-tua-dalam-pertumbuhan-anak/POST.html]
[www.wimcycle.com/wp-json/wp/v2/posts/1094]
[www.wimcycle.com/wp-json/oembed/1.0/embed7527]
[www.wimcycle.com/produk/page/7/indexd93f.html]
[www.wimcycle.com/indexfcfc.html]
[www.wimcycle.com/produk/page/6/index034a.html]
[www.wimcycle.com/produk/page/6/index034a.html]
[www.wimcycle.com/indexfcfc.html]
[www.wimcycle.com/wp-json/oembed/1.0/embede5d4]
